Component: ARM Compiler 5.06 update 6 (build 750) Tool: armlink [4d35ed]

==============================================================================

Section Cross References

    tsc_user.o(i.APM_EVAL_TMR14_Init) refers to apm32f0xx_rcm.o(i.RCM_EnableAPB2PeriphClock) for RCM_EnableAPB2PeriphClock
    tsc_user.o(i.APM_EVAL_TMR14_Init) refers to apm32f0xx_rcm.o(i.RCM_EnableAPB1PeriphClock) for RCM_EnableAPB1PeriphClock
    tsc_user.o(i.APM_EVAL_TMR14_Init) refers to apm32f0xx_tmr.o(i.TMR_ConfigTimeBase) for TMR_ConfigTimeBase
    tsc_user.o(i.APM_EVAL_TMR14_Init) refers to apm32f0xx_tmr.o(i.TMR_EnableInterrupt) for TMR_EnableInterrupt
    tsc_user.o(i.APM_EVAL_TMR14_Init) refers to apm32f0xx_misc.o(i.NVIC_EnableIRQRequest) for NVIC_EnableIRQRequest
    tsc_user.o(i.APM_EVAL_TMR14_Init) refers to apm32f0xx_tmr.o(i.TMR_Enable) for TMR_Enable
    tsc_user.o(i.HidMouse_Proc) refers to tsc_user.o(i.HidMouse_ReadKey) for HidMouse_ReadKey
    tsc_user.o(i.HidMouse_Proc) refers to tsc_user.o(i.HidMouse_Write) for HidMouse_Write
    tsc_user.o(i.HidMouse_Proc) refers to bsp_delay.o(i.APM_DelayMs) for APM_DelayMs
    tsc_user.o(i.HidMouse_Proc) refers to usbd_hid.o(i.USBD_HID_TxReport) for USBD_HID_TxReport
    tsc_user.o(i.HidMouse_Proc) refers to tsc_user.o(.data) for keyRecord
    tsc_user.o(i.HidMouse_Proc) refers to usb_device_user.o(.bss) for gUsbDeviceFS
    tsc_user.o(i.HidMouse_ReadKey) refers to apm32f0xx_gpio.o(i.GPIO_ReadInputBit) for GPIO_ReadInputBit
    tsc_user.o(i.HidMouse_Write) refers to usbd_hid.o(i.USBD_HID_TxReport) for USBD_HID_TxReport
    tsc_user.o(i.HidMouse_Write) refers to tsc_user.o(.data) for keyRecord
    tsc_user.o(i.HidMouse_Write) refers to usb_device_user.o(.bss) for gUsbDeviceFS
    tsc_user.o(i.Menu_TSCHandler) refers to bsp_delay.o(i.APM_DelayMs) for APM_DelayMs
    tsc_user.o(i.Menu_TSCHandler) refers to usbd_hid.o(i.USBD_HID_TxReport) for USBD_HID_TxReport
    tsc_user.o(i.Menu_TSCHandler) refers to tsc_user.o(.data) for tscPressStatus
    tsc_user.o(i.Menu_TSCHandler) refers to usb_device_user.o(.bss) for gUsbDeviceFS
    tsc_user.o(i.MyKeys_ProcessErrorState) refers to tsc_touchkey.o(i.TSC_TouchKey_ConfigOffState) for TSC_TouchKey_ConfigOffState
    tsc_user.o(i.TMR14_Isr) refers to apm32f0xx_tmr.o(i.TMR_ReadIntFlag) for TMR_ReadIntFlag
    tsc_user.o(i.TMR14_Isr) refers to apm32f0xx_tmr.o(i.TMR_ClearIntFlag) for TMR_ClearIntFlag
    tsc_user.o(i.TMR14_Isr) refers to board_apm32f072_eval.o(i.APM_EVAL_LEDToggle) for APM_EVAL_LEDToggle
    tsc_user.o(i.TMR14_Isr) refers to tsc_user.o(.data) for cntTick
    tsc_user.o(i.TSC_DetectHandler) refers to tsc_user.o(i.__ARM_common_switch8) for __ARM_common_switch8
    tsc_user.o(i.TSC_DetectHandler) refers to tsc_user.o(.constdata) for MyTouchKeys
    tsc_user.o(i.TSC_DetectHandler) refers to tsc_user.o(.data) for tscPressStatus
    tsc_user.o(i.TSC_ReleaseHandler) refers to tsc_user.o(i.__ARM_common_switch8) for __ARM_common_switch8
    tsc_user.o(i.TSC_ReleaseHandler) refers to tsc_user.o(.constdata) for MyTouchKeys
    tsc_user.o(i.TSC_ReleaseHandler) refers to tsc_user.o(.data) for tscPressStatus
    tsc_user.o(i.TSC_User_Action) refers to tsc_acq.o(i.TSC_Acq_ConfigBlock) for TSC_Acq_ConfigBlock
    tsc_user.o(i.TSC_User_Action) refers to tsc_acq.o(i.TSC_Acq_StartPerConfigBlock) for TSC_Acq_StartPerConfigBlock
    tsc_user.o(i.TSC_User_Action) refers to tsc_acq.o(i.TSC_Acq_WaitBlockEOA) for TSC_Acq_WaitBlockEOA
    tsc_user.o(i.TSC_User_Action) refers to tsc_acq.o(i.TSC_Acq_ReadBlockResult) for TSC_Acq_ReadBlockResult
    tsc_user.o(i.TSC_User_Action) refers to tsc_object.o(i.TSC_Obj_ProcessGroup) for TSC_Obj_ProcessGroup
    tsc_user.o(i.TSC_User_Action) refers to tsc_dxs.o(i.TSC_Dxs_FirstObj) for TSC_Dxs_FirstObj
    tsc_user.o(i.TSC_User_Action) refers to tsc_time.o(i.TSC_Time_Delay_ms) for TSC_Time_Delay_ms
    tsc_user.o(i.TSC_User_Action) refers to tsc_ecs.o(i.TSC_Ecs_Process) for TSC_Ecs_Process
    tsc_user.o(i.TSC_User_Action) refers to tsc_user.o(.data) for config_done
    tsc_user.o(i.TSC_User_Config) refers to tsc_object.o(i.TSC_Obj_ConfigGroup) for TSC_Obj_ConfigGroup
    tsc_user.o(i.TSC_User_Config) refers to tsc.o(i.TSC_Config) for TSC_Config
    tsc_user.o(i.TSC_User_Config) refers to tsc_user.o(i.TSC_User_Thresholds) for TSC_User_Thresholds
    tsc_user.o(i.TSC_User_Config) refers to tsc_user.o(.data) for MyObjGroup
    tsc_user.o(i.TSC_User_Config) refers to tsc_user.o(.constdata) for MyBlocks
    tsc_user.o(.constdata) refers to tsc_user.o(.bss) for MyChannels_Data
    tsc_user.o(.constdata) refers to tsc_touchkey.o(i.TSC_TouchKey_ProcessCalibrationState) for TSC_TouchKey_ProcessCalibrationState
    tsc_user.o(.constdata) refers to tsc_touchkey.o(i.TSC_TouchKey_ProcessDebCalibrationState) for TSC_TouchKey_ProcessDebCalibrationState
    tsc_user.o(.constdata) refers to tsc_touchkey.o(i.TSC_TouchKey_ProcessReleaseState) for TSC_TouchKey_ProcessReleaseState
[...]
    i.USBD_EP_StallCallback                  0x08003b1c   Section        0  usbd_board.o(i.USBD_EP_StallCallback)
    i.USBD_EP_ToggleRx                       0x08003b38   Section        0  apm32f0xx_usb.o(i.USBD_EP_ToggleRx)
    i.USBD_EP_ToggleTx                       0x08003b60   Section        0  apm32f0xx_usb.o(i.USBD_EP_ToggleTx)
    i.USBD_EP_Transfer                       0x08003b84   Section        0  apm32f0xx_usb_device.o(i.USBD_EP_Transfer)
    i.USBD_EP_TransferCallback               0x08003c08   Section        0  usbd_board.o(i.USBD_EP_TransferCallback)
    i.USBD_EP_WritePacketData                0x08003c2c   Section        0  apm32f0xx_usb.o(i.USBD_EP_WritePacketData)
    i.USBD_EP_XferStart                      0x08003c58   Section        0  apm32f0xx_usb_device.o(i.USBD_EP_XferStart)
    i.USBD_Enable                            0x080042c6   Section        0  apm32f0xx_usb.o(i.USBD_Enable)
    i.USBD_EnableAckLPM                      0x080042d4   Section        0  apm32f0xx_usb.o(i.USBD_EnableAckLPM)
    i.USBD_EnableInterrupt                   0x080042ec   Section        0  apm32f0xx_usb.o(i.USBD_EnableInterrupt)
    i.USBD_EnableLPM                         0x080042fc   Section        0  apm32f0xx_usb.o(i.USBD_EnableLPM)
    i.USBD_EnablePullUpDP                    0x08004308   Section        0  apm32f0xx_usb.o(i.USBD_EnablePullUpDP)
    i.USBD_EnumDoneCallback                  0x08004316   Section        0  usbd_board.o(i.USBD_EnumDoneCallback)
    i.USBD_FS_ConfigDescHandler              0x08004348   Section        0  usbd_descriptor.o(i.USBD_FS_ConfigDescHandler)
    USBD_FS_ConfigDescHandler                0x08004349   Thumb Code    22  usbd_descriptor.o(i.USBD_FS_ConfigDescHandler)
    i.USBD_FS_DeviceDescHandler              0x08004364   Section        0  usbd_descriptor.o(i.USBD_FS_DeviceDescHandler)
    USBD_FS_DeviceDescHandler                0x08004365   Thumb Code    22  usbd_descriptor.o(i.USBD_FS_DeviceDescHandler)
    i.USBD_FS_InterfaceDescHandler           0x08004380   Section        0  usbd_descriptor.o(i.USBD_FS_InterfaceDescHandler)
    USBD_FS_InterfaceDescHandler             0x08004381   Thumb Code    32  usbd_descriptor.o(i.USBD_FS_InterfaceDescHandler)
    i.USBD_FS_LangIdDescHandler              0x080043b0   Section        0  usbd_descriptor.o(i.USBD_FS_LangIdDescHandler)
    USBD_FS_LangIdDescHandler                0x080043b1   Thumb Code    22  usbd_descriptor.o(i.USBD_FS_LangIdDescHandler)
    i.USBD_FS_ManufacturerDescHandler        0x080043cc   Section        0  usbd_descriptor.o(i.USBD_FS_ManufacturerDescHandler)
    USBD_FS_ManufacturerDescHandler          0x080043cd   Thumb Code    32  usbd_descriptor.o(i.USBD_FS_ManufacturerDescHandler)
    i.USBD_FS_ProductDescHandler             0x080043f4   Section        0  usbd_descriptor.o(i.USBD_FS_ProductDescHandler)
    USBD_FS_ProductDescHandler               0x080043f5   Thumb Code    32  usbd_descriptor.o(i.USBD_FS_ProductDescHandler)
    i.USBD_FS_SerialDescHandler              0x08004420   Section        0  usbd_descriptor.o(i.USBD_FS_SerialDescHandler)
    USBD_FS_SerialDescHandler                0x08004421   Thumb Code    22  usbd_descriptor.o(i.USBD_FS_SerialDescHandler)
    i.USBD_HID_ClassDeInitHandler            0x0800443c   Section        0  usbd_hid.o(i.USBD_HID_ClassDeInitHandler)
    USBD_HID_ClassDeInitHandler              0x0800443d   Thumb Code   116  usbd_hid.o(i.USBD_HID_ClassDeInitHandler)
    i.USBD_HID_ClassInitHandler              0x080044b0   Section        0  usbd_hid.o(i.USBD_HID_ClassInitHandler)
    USBD_HID_ClassInitHandler                0x080044b1   Thumb Code   166  usbd_hid.o(i.USBD_HID_ClassInitHandler)
    i.USBD_HID_DataInHandler                 0x08004570   Section        0  usbd_hid.o(i.USBD_HID_DataInHandler)
    USBD_HID_DataInHandler                   0x08004571   Thumb Code    36  usbd_hid.o(i.USBD_HID_DataInHandler)
    i.USBD_HID_DescHandler                   0x08004594   Section        0  usbd_hid.o(i.USBD_HID_DescHandler)
    USBD_HID_DescHandler                     0x08004595   Thumb Code    22  usbd_hid.o(i.USBD_HID_DescHandler)
    i.USBD_HID_ReportDescHandler             0x080045b0   Section        0  usbd_hid.o(i.USBD_HID_ReportDescHandler)
    USBD_HID_ReportDescHandler               0x080045b1   Thumb Code    22  usbd_hid.o(i.USBD_HID_ReportDescHandler)
    i.USBD_HID_SOFHandler                    0x080045cc   Section        0  usbd_hid.o(i.USBD_HID_SOFHandler)
    USBD_HID_SOFHandler                      0x080045cd   Thumb Code     6  usbd_hid.o(i.USBD_HID_SOFHandler)
    i.USBD_HID_SetupHandler                  0x080045d4   Section        0  usbd_hid.o(i.USBD_HID_SetupHandler)
    USBD_HID_SetupHandler                    0x080045d5   Thumb Code   476  usbd_hid.o(i.USBD_HID_SetupHandler)
    i.USBD_HID_TxReport                      0x080047c8   Section        0  usbd_hid.o(i.USBD_HID_TxReport)
    i.USBD_HandleSOF                         0x0800480e   Section        0  usbd_core.o(i.USBD_HandleSOF)
    i.USBD_HardwareInit                      0x08004834   Section        0  usbd_board.o(i.USBD_HardwareInit)
    i.USBD_IRQHandler                        0x080048b0   Section        0  apm32f0xx_int.o(i.USBD_IRQHandler)
    i.USBD_Init                              0x080048c0   Section        0  usbd_core.o(i.USBD_Init)
    i.USBD_IsrHandler                        0x08004908   Section        0  apm32f0xx_usb_device.o(i.USBD_IsrHandler)
    i.USBD_LpmModeCallback                   0x08004a66   Section        0  apm32f0xx_usb_device.o(i.USBD_LpmModeCallback)
    i.USBD_OtherSpeedConfigDescHandler       0x08004a68   Section        0  usbd_descriptor.o(i.USBD_OtherSpeedConfigDescHandler)
    USBD_OtherSpeedConfigDescHandler         0x08004a69   Thumb Code    22  usbd_descriptor.o(i.USBD_OtherSpeedConfigDescHandler)
    i.USBD_REQ_ClearFeature                  0x08004a84   Section        0  usbd_stdreq.o(i.USBD_REQ_ClearFeature)
    USBD_REQ_ClearFeature                    0x08004a85   Thumb Code    70  usbd_stdreq.o(i.USBD_REQ_ClearFeature)
    i.USBD_REQ_CtrlError                     0x08004aca   Section        0  usbd_stdreq.o(i.USBD_REQ_CtrlError)
    i.USBD_REQ_GetCfg                        0x08004ae6   Section        0  usbd_stdreq.o(i.USBD_REQ_GetCfg)
    USBD_REQ_GetCfg                          0x08004ae7   Thumb Code    96  usbd_stdreq.o(i.USBD_REQ_GetCfg)
    i.USBD_REQ_GetDesc                       0x08004b46   Section        0  usbd_stdreq.o(i.USBD_REQ_GetDesc)
    USBD_REQ_GetDesc                         0x08004b47   Thumb Code   604  usbd_stdreq.o(i.USBD_REQ_GetDesc)
    i.USBD_REQ_GetItf                        0x08004da2   Section        0  usbd_stdreq.o(i.USBD_REQ_GetItf)
    USBD_REQ_GetItf                          0x08004da3   Thumb Code     6  usbd_stdreq.o(i.USBD_REQ_GetItf)
    i.USBD_REQ_GetStatus                     0x08004da8   Section        0  usbd_stdreq.o(i.USBD_REQ_GetStatus)
    USBD_REQ_GetStatus                       0x08004da9   Thumb Code   100  usbd_stdreq.o(i.USBD_REQ_GetStatus)
    i.USBD_REQ_SetAddress                    0x08004e0c   Section        0  usbd_stdreq.o(i.USBD_REQ_SetAddress)
    USBD_REQ_SetAddress                      0x08004e0d   Thumb Code   122  usbd_stdreq.o(i.USBD_REQ_SetAddress)
    i.USBD_REQ_SetCfg                        0x08004e88   Section        0  usbd_stdreq.o(i.USBD_REQ_SetCfg)
    USBD_REQ_SetCfg                          0x08004e89   Thumb Code   284  usbd_stdreq.o(i.USBD_REQ_SetCfg)
    i.USBD_REQ_SetDesc                       0x08004fa8   Section        0  usbd_stdreq.o(i.USBD_REQ_SetDesc)
    USBD_REQ_SetDesc                         0x08004fa9   Thumb Code     6  usbd_stdreq.o(i.USBD_REQ_SetDesc)
    i.USBD_REQ_SetFeature                    0x08004fae   Section        0  usbd_stdreq.o(i.USBD_REQ_SetFeature)
    USBD_REQ_SetFeature                      0x08004faf   Thumb Code    70  usbd_stdreq.o(i.USBD_REQ_SetFeature)
    i.USBD_REQ_SetItf                        0x08004ff4   Section        0  usbd_stdreq.o(i.USBD_REQ_SetItf)
    USBD_REQ_SetItf                          0x08004ff5   Thumb Code     6  usbd_stdreq.o(i.USBD_REQ_SetItf)
    i.USBD_REQ_SyncFrame                     0x08004ffa   Section        0  usbd_stdreq.o(i.USBD_REQ_SyncFrame)
    USBD_REQ_SyncFrame                       0x08004ffb   Thumb Code     6  usbd_stdreq.o(i.USBD_REQ_SyncFrame)
    i.USBD_ReadBESL                          0x08005000   Section        0  apm32f0xx_usb.o(i.USBD_ReadBESL)
    i.USBD_ReadIntFlag                       0x0800500a   Section        0  apm32f0xx_usb.o(i.USBD_ReadIntFlag)
    i.USBD_Reset                             0x0800501c   Section        0  usbd_core.o(i.USBD_Reset)
    i.USBD_ResetEP                           0x0800509a   Section        0  apm32f0xx_usb.o(i.USBD_ResetEP)
    i.USBD_ResetForceReset                   0x08005136   Section        0  apm32f0xx_usb.o(i.USBD_ResetForceReset)
    i.USBD_ResetForceSuspend                 0x08005140   Section        0  apm32f0xx_usb.o(i.USBD_ResetForceSuspend)
    i.USBD_ResetLowerPowerMode               0x0800514a   Section        0  apm32f0xx_usb.o(i.USBD_ResetLowerPowerMode)
    i.USBD_Resume                            0x08005154   Section        0  usbd_core.o(i.USBD_Resume)
    i.USBD_ResumeCallback                    0x08005178   Section        0  usbd_board.o(i.USBD_ResumeCallback)
    i.USBD_SOFCallback                       0x080051a4   Section        0  usbd_board.o(i.USBD_SOFCallback)
    i.USBD_SetDevAddress                     0x080051b6   Section        0  apm32f0xx_usb_device.o(i.USBD_SetDevAddress)
    i.USBD_SetDevAddressCallback             0x080051d8   Section        0  usbd_board.o(i.USBD_SetDevAddressCallback)
    i.USBD_SetDeviceAddr                     0x080051f2   Section        0  apm32f0xx_usb.o(i.USBD_SetDeviceAddr)
    i.USBD_SetForceReset                     0x08005202   Section        0  apm32f0xx_usb.o(i.USBD_SetForceReset)
    i.USBD_SetForceSuspend                   0x0800520e   Section        0  apm32f0xx_usb.o(i.USBD_SetForceSuspend)
    i.USBD_SetLowerPowerMode                 0x0800521a   Section        0  apm32f0xx_usb.o(i.USBD_SetLowerPowerMode)
    i.USBD_SetSpeed                          0x08005226   Section        0  usbd_core.o(i.USBD_SetSpeed)
    i.USBD_SetupStage                        0x0800523c   Section        0  usbd_core.o(i.USBD_SetupStage)
    i.USBD_SetupStageCallback                0x08005674   Section        0  usbd_board.o(i.USBD_SetupStageCallback)
    i.USBD_Start                             0x0800568c   Section        0  apm32f0xx_usb_device.o(i.USBD_Start)
    i.USBD_StartCallback                     0x080056ac   Section        0  usbd_board.o(i.USBD_StartCallback)
    i.USBD_Suspend                           0x080056be   Section        0  usbd_core.o(i.USBD_Suspend)
    i.USBD_SuspendCallback                   0x080056e0   Section        0  usbd_board.o(i.USBD_SuspendCallback)
    i.USBD_SuspendHandler                    0x08005708   Section        0  apm32f0xx_usb_device.o(i.USBD_SuspendHandler)
    USBD_SuspendHandler                      0x08005709   Thumb Code   114  apm32f0xx_usb_device.o(i.USBD_SuspendHandler)
    i.USBD_TestModeHandler                   0x0800577a   Section        0  usbd_core.o(i.USBD_TestModeHandler)
    i.USBH_SetupReqParse                     0x08005780   Section        0  usbd_dataxfer.o(i.USBH_SetupReqParse)
    i.USB_DevUserHandler                     0x080057a8   Section        0  usb_device_user.o(i.USB_DevUserHandler)
    USB_DevUserHandler                       0x080057a9   Thumb Code    46  usb_device_user.o(i.USB_DevUserHandler)
    i.USB_DeviceInit                         0x080057dc   Section        0  usb_device_user.o(i.USB_DeviceInit)
    i.__0printf$bare                         0x08005800   Section        0  printfb.o(i.__0printf$bare)
    i.__ARM_common_switch8                   0x08005814   Section        0  tsc_user.o(i.__ARM_common_switch8)
    i.__scatterload_copy                     0x08005830   Section       14  handlers.o(i.__scatterload_copy)
    i.__scatterload_null                     0x0800583e   Section        2  handlers.o(i.__scatterload_null)
    i.__scatterload_zeroinit                 0x08005840   Section       14  handlers.o(i.__scatterload_zeroinit)
    i._printf_core                           0x0800584e   Section        0  printfb.o(i._printf_core)
    _printf_core                             0x0800584f   Thumb Code    30  printfb.o(i._printf_core)
    i.fputc                                  0x0800586c   Section        0  main.o(i.fputc)
    i.free                                   0x08005890   Section        0  malloc.o(i.free)
    i.main                                   0x080058e4   Section        0  main.o(i.main)
    i.malloc                                 0x08005990   Section        0  malloc.o(i.malloc)
    .constdata                               0x080059fc   Section      452  tsc_user.o(.constdata)
    .constdata                               0x08005bc0   Section       88  board_apm32f072_eval.o(.constdata)
    .conststring                             0x08005c18   Section       21  usbd_descriptor.o(.conststring)
    .conststring                             0x08005c30   Section       10  usbd_hid.o(.conststring)
    .data                                    0x20000000   Section       60  tsc_user.o(.data)
    idx_block                                0x20000034   Data           4  tsc_user.o(.data)
    config_done                              0x20000038   Data           4  tsc_user.o(.data)
    .data                                    0x2000003c   Section       56  board_apm32f072_eval.o(.data)
    .data                                    0x20000074   Section        4  bsp_delay.o(.data)
    .data                                    0x20000078   Section        2  usb_device_user.o(.data)
    preAppStatus                             0x20000079   Data           1  usb_device_user.o(.data)
    .data                                    0x2000007c   Section      170  usbd_descriptor.o(.data)
    .data                                    0x20000128   Section        4  system_apm32f0xx.o(.data)
    .data                                    0x2000012c   Section       53  usbd_stdreq.o(.data)
    cfgIndex                                 0x20000160   Data           1  usbd_stdreq.o(.data)
    .data                                    0x20000164   Section      131  usbd_hid.o(.data)
    .data                                    0x200001e8   Section       10  tsc_acq.o(.data)
    goCalibration                            0x200001ec   Data           1  tsc_acq.o(.data)
    doneCalibration                          0x200001ee   Data           2  tsc_acq.o(.data)
    CalibDiv                                 0x200001f0   Data           2  tsc_acq.o(.data)
    .data                                    0x200001f2   Section        2  tsc_touchkey.o(.data)
    CalibDiv                                 0x200001f2   Data           2  tsc_touchkey.o(.data)
    .data                                    0x200001f4   Section        4  stdout.o(.data)
    .data                                    0x200001f8   Section        4  mvars.o(.data)
    .data                                    0x200001fc   Section        4  mvars.o(.data)
    .bss                                     0x20000200   Section      130  tsc_user.o(.bss)
    .bss                                     0x20000284   Section      712  usb_device_user.o(.bss)
    .bss                                     0x2000054c   Section      796  usbd_board.o(.bss)
    .bss                                     0x20000868   Section       20  tsc.o(.bss)
    HEAP                                     0x20000880   Section     2048  startup_apm32f072.o(HEAP)
    STACK                                    0x20001080   Section     1024  startup_apm32f072.o(STACK)

    Global Symbols

    Symbol Name                              Value     Ov Type        Size  Object(Section)

    BuildAttributes$$THM_ISAv3M$S$PE$A:L22$X:L11$S22$IEEE1$IW$USESV6$~STKCKD$USESV7$~SHL$OSPACE$ROPI$EBA8$MICROLIB$REQ8$PRES8$EABIv2 0x00000000   Number         0  anon$$obj.o ABSOLUTE
    __ARM_use_no_argv                        0x00000000   Number         0  main.o ABSOLUTE
    __cpp_initialize__aeabi_                  - Undefined Weak Reference
    __cxa_finalize                            - Undefined Weak Reference
    _clock_init                               - Undefined Weak Reference
    _microlib_exit                            - Undefined Weak Reference
    __Vectors_Size                           0x000000c0   Number         0  startup_apm32f072.o ABSOLUTE
    __Vectors                                0x08000000   Data           4  startup_apm32f072.o(RESET)
    __Vectors_End                            0x080000c0   Data           0  startup_apm32f072.o(RESET)
    __main                                   0x080000c1   Thumb Code     0  entry.o(.ARM.Collect$$$$00000000)
    _main_stk                                0x080000c1   Thumb Code     0  entry2.o(.ARM.Collect$$$$00000001)
    _main_scatterload                        0x080000c5   Thumb Code     0  entry5.o(.ARM.Collect$$$$00000004)
    __main_after_scatterload                 0x080000c9   Thumb Code     0  entry5.o(.ARM.Collect$$$$00000004)
    _main_clock                              0x080000c9   Thumb Code     0  entry7b.o(.ARM.Collect$$$$00000008)
    _main_cpp_init                           0x080000c9   Thumb Code     0  entry8b.o(.ARM.Collect$$$$0000000A)
    _main_init                               0x080000c9   Thumb Code     0  entry9a.o(.ARM.Collect$$$$0000000B)
    __rt_final_cpp                           0x080000d1   Thumb Code     0  entry10a.o(.ARM.Collect$$$$0000000D)
    __rt_final_exit                          0x080000d1   Thumb Code     0  entry11a.o(.ARM.Collect$$$$0000000F)
    Reset_Handler                            0x080000d5   Thumb Code     8  startup_apm32f072.o(.text)
    ADC1_COMP_IRQHandler                     0x080000e7   Thumb Code     0  startup_apm32f072.o(.text)
    CEC_CAN_IRQHandler                       0x080000e7   Thumb Code     0  startup_apm32f072.o(.text)
    DMA1_CH1_IRQHandler                      0x080000e7   Thumb Code     0  startup_apm32f072.o(.text)
    DMA1_CH2_3_IRQHandler                    0x080000e7   Thumb Code     0  startup_apm32f072.o(.text)
    DMA1_CH4_5_6_7_IRQHandler                0x080000e7   Thumb Code     0  startup_apm32f072.o(.text)
    EINT0_1_IRQHandler                       0x080000e7   Thumb Code     0  startup_apm32f072.o(.text)
    EINT2_3_IRQHandler                       0x080000e7   Thumb Code     0  startup_apm32f072.o(.text)
    EINT4_15_IRQHandler                      0x080000e7   Thumb Code     0  startup_apm32f072.o(.text)
    FLASH_IRQHandler                         0x080000e7   Thumb Code     0  startup_apm32f072.o(.text)
    I2C1_IRQHandler                          0x080000e7   Thumb Code     0  startup_apm32f072.o(.text)
    I2C2_IRQHandler                          0x080000e7   Thumb Code     0  startup_apm32f072.o(.text)
    PVD_VDDIO2_IRQHandler                    0x080000e7   Thumb Code     0  startup_apm32f072.o(.text)
    RCM_CRS_IRQHandler                       0x080000e7   Thumb Code     0  startup_apm32f072.o(.text)
    RTC_IRQHandler                           0x080000e7   Thumb Code     0  startup_apm32f072.o(.text)
    SPI1_IRQHandler                          0x080000e7   Thumb Code     0  startup_apm32f072.o(.text)
    SPI2_IRQHandler                          0x080000e7   Thumb Code     0  startup_apm32f072.o(.text)
    TMR15_IRQHandler                         0x080000e7   Thumb Code     0  startup_apm32f072.o(.text)
    TMR16_IRQHandler                         0x080000e7   Thumb Code     0  startup_apm32f072.o(.text)
    TMR17_IRQHandler                         0x080000e7   Thumb Code     0  startup_apm32f072.o(.text)
    TMR1_BRK_UP_TRG_COM_IRQHandler           0x080000e7   Thumb Code     0  startup_apm32f072.o(.text)
    TMR1_CC_IRQHandler                       0x080000e7   Thumb Code     0  startup_apm32f072.o(.text)
    TMR2_IRQHandler                          0x080000e7   Thumb Code     0  startup_apm32f072.o(.text)
    TMR3_IRQHandler                          0x080000e7   Thumb Code     0  startup_apm32f072.o(.text)
    TMR6_DAC_IRQHandler                      0x080000e7   Thumb Code     0  startup_apm32f072.o(.text)
    TMR7_IRQHandler                          0x080000e7   Thumb Code     0  startup_apm32f072.o(.text)
    USART1_IRQHandler                        0x080000e7   Thumb Code     0  startup_apm32f072.o(.text)
    USART2_IRQHandler                        0x080000e7   Thumb Code     0  startup_apm32f072.o(.text)
    USART3_4_IRQHandler                      0x080000e7   Thumb Code     0  startup_apm32f072.o(.text)
    WWDT_IRQHandler                          0x080000e7   Thumb Code     0  startup_apm32f072.o(.text)
    __aeabi_uidiv                            0x080000f1   Thumb Code     0  uidiv.o(.text)
    __aeabi_uidivmod                         0x080000f1   Thumb Code    44  uidiv.o(.text)
    __aeabi_memset                           0x0800011d   Thumb Code    14  memseta.o(.text)
    __aeabi_memset4                          0x0800011d   Thumb Code     0  memseta.o(.text)
    __aeabi_memset8                          0x0800011d   Thumb Code     0  memseta.o(.text)
    __aeabi_memclr                           0x0800012b   Thumb Code     4  memseta.o(.text)
    __aeabi_memclr4                          0x0800012b   Thumb Code     0  memseta.o(.text)
    __aeabi_memclr8                          0x0800012b   Thumb Code     0  memseta.o(.text)
    _memset$wrapper                          0x0800012f   Thumb Code    18  memseta.o(.text)
    strlen                                   0x08000141   Thumb Code    14  strlen.o(.text)
    __scatterload                            0x08000151   Thumb Code    28  init.o(.text)
    __scatterload_rt2                        0x08000151   Thumb Code     0  init.o(.text)
    __decompress                             0x08000175   Thumb Code     0  __dczerorl2.o(.text)
    __decompress1                            0x08000175   Thumb Code    86  __dczerorl2.o(.text)
    APM_DelayInit                            0x080001cd   Thumb Code    72  bsp_delay.o(i.APM_DelayInit)
    APM_DelayMs                              0x08000221   Thumb Code    20  bsp_delay.o(i.APM_DelayMs)
    APM_DelayTickDec                         0x08000239   Thumb Code    20  bsp_delay.o(i.APM_DelayTickDec)
    APM_EVAL_COMInit                         0x08000251   Thumb Code   254  board_apm32f072_eval.o(i.APM_EVAL_COMInit)
    APM_EVAL_LEDInit                         0x08000389   Thumb Code    68  board_apm32f072_eval.o(i.APM_EVAL_LEDInit)
    APM_EVAL_LEDToggle                       0x080003d9   Thumb Code    26  board_apm32f072_eval.o(i.APM_EVAL_LEDToggle)
    APM_EVAL_PBInit                          0x080003fd   Thumb Code   122  board_apm32f072_eval.o(i.APM_EVAL_PBInit)
    APM_EVAL_TMR14_Init                      0x08000485   Thumb Code    78  tsc_user.o(i.APM_EVAL_TMR14_Init)
    CRS_ConfigSynchronizationSource          0x080004d9   Thumb Code    26  apm32f0xx_crs.o(i.CRS_ConfigSynchronizationSource)
    CRS_EnableAutomaticCalibration           0x080004f9   Thumb Code    16  apm32f0xx_crs.o(i.CRS_EnableAutomaticCalibration)
    CRS_EnableFrequencyErrorCounter          0x0800050d   Thumb Code    16  apm32f0xx_crs.o(i.CRS_EnableFrequencyErrorCounter)
    EINT_Config                              0x08000521   Thumb Code   150  apm32f0xx_eint.o(i.EINT_Config)
    GPIO_Config                              0x080005bd   Thumb Code   138  apm32f0xx_gpio.o(i.GPIO_Config)
    GPIO_ConfigPinAF                         0x08000647   Thumb Code    70  apm32f0xx_gpio.o(i.GPIO_ConfigPinAF)
    GPIO_ReadInputBit                        0x0800068d   Thumb Code    20  apm32f0xx_gpio.o(i.GPIO_ReadInputBit)
    HardFault_Handler                        0x080006a1   Thumb Code     2  apm32f0xx_int.o(i.HardFault_Handler)
    HidMouse_Proc                            0x080006a5   Thumb Code    68  tsc_user.o(i.HidMouse_Proc)
    HidMouse_ReadKey                         0x080006f1   Thumb Code    70  tsc_user.o(i.HidMouse_ReadKey)
    HidMouse_Write                           0x0800073d   Thumb Code    74  tsc_user.o(i.HidMouse_Write)
    Menu_TSCHandler                          0x08000791   Thumb Code   118  tsc_user.o(i.Menu_TSCHandler)
    MyKeys_ProcessErrorState                 0x08000811   Thumb Code     8  tsc_user.o(i.MyKeys_ProcessErrorState)
    MyKeys_ProcessOffState                   0x08000819   Thumb Code     2  tsc_user.o(i.MyKeys_ProcessOffState)
    NMI_Handler                              0x0800081b   Thumb Code     2  apm32f0xx_int.o(i.NMI_Handler)
    NVIC_EnableIRQRequest                    0x0800081d   Thumb Code    32  apm32f0xx_misc.o(i.NVIC_EnableIRQRequest)
    PendSV_Handler                           0x080009a9   Thumb Code     2  apm32f0xx_int.o(i.PendSV_Handler)
    RCM_ConfigUSBCLK                         0x080009ad   Thumb Code    22  apm32f0xx_rcm.o(i.RCM_ConfigUSBCLK)
    RCM_EnableAHBPeriphClock                 0x080009c9   Thumb Code    12  apm32f0xx_rcm.o(i.RCM_EnableAHBPeriphClock)
    RCM_EnableAPB1PeriphClock                0x080009d9   Thumb Code    12  apm32f0xx_rcm.o(i.RCM_EnableAPB1PeriphClock)
    RCM_EnableAPB2PeriphClock                0x080009e9   Thumb Code    12  apm32f0xx_rcm.o(i.RCM_EnableAPB2PeriphClock)
    RCM_EnableHSI48                          0x080009f9   Thumb Code    18  apm32f0xx_rcm.o(i.RCM_EnableHSI48)
    RCM_ReadPCLKFreq                         0x08000a11   Thumb Code    38  apm32f0xx_rcm.o(i.RCM_ReadPCLKFreq)
    RCM_ReadSYSCLKFreq                       0x08000a45   Thumb Code   146  apm32f0xx_rcm.o(i.RCM_ReadSYSCLKFreq)
    RCM_ReadUSART1CLKFreq                    0x08000ae9   Thumb Code    70  apm32f0xx_rcm.o(i.RCM_ReadUSART1CLKFreq)
    RCM_ReadUSART2CLKFreq                    0x08000b39   Thumb Code    70  apm32f0xx_rcm.o(i.RCM_ReadUSART2CLKFreq)
    SVC_Handler                              0x08000b89   Thumb Code     2  apm32f0xx_int.o(i.SVC_Handler)
    SoftDelay                                0x08000b8b   Thumb Code    12  tsc_acq.o(i.SoftDelay)
    SysTick_Handler                          0x08000b97   Thumb Code     8  apm32f0xx_int.o(i.SysTick_Handler)
    SystemInit                               0x08000c85   Thumb Code   120  system_apm32f0xx.o(i.SystemInit)
    TMR14_IRQHandler                         0x08000d0d   Thumb Code     8  apm32f0xx_int.o(i.TMR14_IRQHandler)
    TMR14_Isr                                0x08000d15   Thumb Code    90  tsc_user.o(i.TMR14_Isr)
    TMR_ClearIntFlag                         0x08000d81   Thumb Code     6  apm32f0xx_tmr.o(i.TMR_ClearIntFlag)
    TMR_ConfigTimeBase                       0x08000d89   Thumb Code   128  apm32f0xx_tmr.o(i.TMR_ConfigTimeBase)
    TMR_Enable                               0x08000e21   Thumb Code    12  apm32f0xx_tmr.o(i.TMR_Enable)
    TMR_EnableInterrupt                      0x08000e2d   Thumb Code     8  apm32f0xx_tmr.o(i.TMR_EnableInterrupt)
    TMR_ReadIntFlag                          0x08000e35   Thumb Code    26  apm32f0xx_tmr.o(i.TMR_ReadIntFlag)
    TSC_Acq_CheckNoise                       0x08000e4f   Thumb Code     4  tsc_acq.o(i.TSC_Acq_CheckNoise)
    TSC_Acq_ComputeDelta                     0x08000e53   Thumb Code     8  tsc_acq.o(i.TSC_Acq_ComputeDelta)
    TSC_Acq_ComputeMeas                      0x08000e5b   Thumb Code     8  tsc_acq.o(i.TSC_Acq_ComputeMeas)
    TSC_Acq_Config                           0x08000e65   Thumb Code   118  tsc_acq.o(i.TSC_Acq_Config)
    TSC_Acq_ConfigBlock                      0x08000eed   Thumb Code   114  tsc_acq.o(i.TSC_Acq_ConfigBlock)
    TSC_Acq_ConfigGPIO                       0x08000f69   Thumb Code   244  tsc_acq.o(i.TSC_Acq_ConfigGPIO)
    TSC_Acq_GPIOA_AF3_H                      0x08001069   Thumb Code     4  tsc_acq.o(i.TSC_Acq_GPIOA_AF3_H)
    TSC_Acq_GPIOA_AF3_L                      0x0800106d   Thumb Code    32  tsc_acq.o(i.TSC_Acq_GPIOA_AF3_L)
    TSC_Acq_GPIOA_CHANNEL_SHIELD             0x0800108d   Thumb Code    24  tsc_acq.o(i.TSC_Acq_GPIOA_CHANNEL_SHIELD)
    TSC_Acq_GPIOA_SAMPCAP                    0x080010a5   Thumb Code    12  tsc_acq.o(i.TSC_Acq_GPIOA_SAMPCAP)
    TSC_Acq_GPIOB_AF3_H                      0x080010b1   Thumb Code     4  tsc_acq.o(i.TSC_Acq_GPIOB_AF3_H)
    TSC_Acq_GPIOB_AF3_L                      0x080010b5   Thumb Code     4  tsc_acq.o(i.TSC_Acq_GPIOB_AF3_L)
    TSC_Acq_GPIOB_CHANNEL_SHIELD             0x080010b9   Thumb Code     4  tsc_acq.o(i.TSC_Acq_GPIOB_CHANNEL_SHIELD)
    TSC_Acq_GPIOB_SAMPCAP                    0x080010bd   Thumb Code     4  tsc_acq.o(i.TSC_Acq_GPIOB_SAMPCAP)
    TSC_Acq_GPIOC_CHANNEL_SHIELD             0x080010c1   Thumb Code     4  tsc_acq.o(i.TSC_Acq_GPIOC_CHANNEL_SHIELD)
    TSC_Acq_GPIOC_SAMPCAP                    0x080010c5   Thumb Code     4  tsc_acq.o(i.TSC_Acq_GPIOC_SAMPCAP)
    TSC_Acq_ReadBlockResult                  0x080010c9   Thumb Code   430  tsc_acq.o(i.TSC_Acq_ReadBlockResult)
    TSC_Acq_ReadMeasurVal                    0x08001281   Thumb Code    12  tsc_acq.o(i.TSC_Acq_ReadMeasurVal)
    TSC_Acq_Sampling_Capacitor               0x08001291   Thumb Code    12  tsc_acq.o(i.TSC_Acq_Sampling_Capacitor)
    TSC_Acq_Schmitt_Trigger_Hysteresis       0x0800129d   Thumb Code    58  tsc_acq.o(i.TSC_Acq_Schmitt_Trigger_Hysteresis)
    TSC_Acq_StartPerConfigBlock              0x080012d9   Thumb Code    36  tsc_acq.o(i.TSC_Acq_StartPerConfigBlock)
    TSC_Acq_TestFirstReference               0x08001305   Thumb Code     6  tsc_acq.o(i.TSC_Acq_TestFirstReference)
    TSC_Acq_TestReferenceRange               0x0800130b   Thumb Code     6  tsc_acq.o(i.TSC_Acq_TestReferenceRange)
    TSC_Acq_UseFilter                        0x08001311   Thumb Code     6  tsc_acq.o(i.TSC_Acq_UseFilter)
    TSC_Acq_WaitBlockEOA                     0x08001319   Thumb Code    32  tsc_acq.o(i.TSC_Acq_WaitBlockEOA)
    TSC_Config                               0x0800133d   Thumb Code    28  tsc.o(i.TSC_Config)
    TSC_DetectHandler                        0x0800135d   Thumb Code   116  tsc_user.o(i.TSC_DetectHandler)
    TSC_Dxs_FirstObj                         0x080013d9   Thumb Code     2  tsc_dxs.o(i.TSC_Dxs_FirstObj)
    TSC_Ecs_CalculateK                       0x080013dd   Thumb Code   204  tsc_ecs.o(i.TSC_Ecs_CalculateK)
    TSC_Ecs_Process                          0x080014ad   Thumb Code   144  tsc_ecs.o(i.TSC_Ecs_Process)
    TSC_Ecs_ProcessK                         0x08001545   Thumb Code   216  tsc_ecs.o(i.TSC_Ecs_ProcessK)
    TSC_IRQHandler                           0x08001625   Thumb Code    20  apm32f0xx_int.o(i.TSC_IRQHandler)
    TSC_Obj_ConfigGlobalObj                  0x08001641   Thumb Code    28  tsc_object.o(i.TSC_Obj_ConfigGlobalObj)
    TSC_Obj_ConfigGroup                      0x08001661   Thumb Code   116  tsc_object.o(i.TSC_Obj_ConfigGroup)
    TSC_Obj_ProcessGroup                     0x080016d9   Thumb Code   116  tsc_object.o(i.TSC_Obj_ProcessGroup)
    TSC_ReleaseHandler                       0x08001751   Thumb Code   116  tsc_user.o(i.TSC_ReleaseHandler)
    TSC_Time_Config                          0x080017cd   Thumb Code    66  tsc_time.o(i.TSC_Time_Config)
    TSC_Time_Delay_ms                        0x0800181d   Thumb Code   106  tsc_time.o(i.TSC_Time_Delay_ms)
    TSC_TouchKey_Config                      0x08001891   Thumb Code   100  tsc_touchkey.o(i.TSC_TouchKey_Config)
    TSC_TouchKey_ConfigCalibrationState      0x080018f9   Thumb Code   126  tsc_touchkey.o(i.TSC_TouchKey_ConfigCalibrationState)
    TSC_TouchKey_ConfigOffState              0x08001985   Thumb Code    56  tsc_touchkey.o(i.TSC_TouchKey_ConfigOffState)
    TSC_TouchKey_Process                     0x080019c1   Thumb Code   152  tsc_touchkey.o(i.TSC_TouchKey_Process)
    TSC_TouchKey_ProcessCalibrationState     0x08001a5d   Thumb Code   284  tsc_touchkey.o(i.TSC_TouchKey_ProcessCalibrationState)
    TSC_TouchKey_ProcessDebCalibrationState  0x08001b85   Thumb Code   118  tsc_touchkey.o(i.TSC_TouchKey_ProcessDebCalibrationState)
    TSC_TouchKey_ProcessDebDetectState       0x08001c01   Thumb Code   194  tsc_touchkey.o(i.TSC_TouchKey_ProcessDebDetectState)
    TSC_TouchKey_ProcessDebErrorState        0x08001cc9   Thumb Code   180  tsc_touchkey.o(i.TSC_TouchKey_ProcessDebErrorState)
    TSC_TouchKey_ProcessDebProxDetectState   0x08001d81   Thumb Code   196  tsc_touchkey.o(i.TSC_TouchKey_ProcessDebProxDetectState)
    TSC_TouchKey_ProcessDebProxState         0x08001e49   Thumb Code   196  tsc_touchkey.o(i.TSC_TouchKey_ProcessDebProxState)
    TSC_TouchKey_ProcessDebProxTouchState    0x08001f11   Thumb Code   196  tsc_touchkey.o(i.TSC_TouchKey_ProcessDebProxTouchState)
    TSC_TouchKey_ProcessDebReleaseDetectState 0x08001fd9   Thumb Code   156  tsc_touchkey.o(i.TSC_TouchKey_ProcessDebReleaseDetectState)
    TSC_TouchKey_ProcessDebReleaseProxState  0x08002079   Thumb Code   120  tsc_touchkey.o(i.TSC_TouchKey_ProcessDebReleaseProxState)
    TSC_TouchKey_ProcessDebReleaseTouchState 0x080020f5   Thumb Code   156  tsc_touchkey.o(i.TSC_TouchKey_ProcessDebReleaseTouchState)
    TSC_TouchKey_ProcessDetectState          0x08002195   Thumb Code   224  tsc_touchkey.o(i.TSC_TouchKey_ProcessDetectState)
    TSC_TouchKey_ProcessProxState            0x08002279   Thumb Code   224  tsc_touchkey.o(i.TSC_TouchKey_ProcessProxState)
    TSC_TouchKey_ProcessReleaseState         0x0800235d   Thumb Code   296  tsc_touchkey.o(i.TSC_TouchKey_ProcessReleaseState)
    TSC_TouchKey_ProcessTouchState           0x08002489   Thumb Code   224  tsc_touchkey.o(i.TSC_TouchKey_ProcessTouchState)
    TSC_TouchKey_ReadStateMask               0x0800256d   Thumb Code    32  tsc_touchkey.o(i.TSC_TouchKey_ReadStateMask)
    TSC_User_Action                          0x08002591   Thumb Code   138  tsc_user.o(i.TSC_User_Action)
    TSC_User_Config                          0x08002631   Thumb Code    20  tsc_user.o(i.TSC_User_Config)
    TSC_User_Thresholds                      0x0800264d   Thumb Code     2  tsc_user.o(i.TSC_User_Thresholds)
    USART_Config                             0x08002651   Thumb Code   154  apm32f0xx_usart.o(i.USART_Config)
    USART_Enable                             0x08002701   Thumb Code    12  apm32f0xx_usart.o(i.USART_Enable)
    USART_EnableInterrupt                    0x0800270d   Thumb Code    74  apm32f0xx_usart.o(i.USART_EnableInterrupt)
    USART_ReadStatusFlag                     0x08002757   Thumb Code    18  apm32f0xx_usart.o(i.USART_ReadStatusFlag)
    USART_TxData                             0x08002769   Thumb Code     8  apm32f0xx_usart.o(i.USART_TxData)
    USBD_ClearIntFlag                        0x08002771   Thumb Code     8  apm32f0xx_usb.o(i.USBD_ClearIntFlag)
    USBD_ClockInit                           0x08002779   Thumb Code   252  usbd_board.o(i.USBD_ClockInit)
    USBD_Config                              0x0800287d   Thumb Code   204  apm32f0xx_usb_device.o(i.USBD_Config)
    USBD_ConfigEP                            0x08002949   Thumb Code   316  apm32f0xx_usb.o(i.USBD_ConfigEP)
    USBD_ConfigLinkPowerMode                 0x08002a85   Thumb Code    68  apm32f0xx_usb_device.o(i.USBD_ConfigLinkPowerMode)
    USBD_ConfigPMA                           0x08002ac9   Thumb Code    64  apm32f0xx_usb_device.o(i.USBD_ConfigPMA)
    USBD_CtrlReceiveData                     0x08002b09   Thumb Code    26  usbd_dataxfer.o(i.USBD_CtrlReceiveData)
    USBD_CtrlReceiveStatus                   0x08002b23   Thumb Code    26  usbd_dataxfer.o(i.USBD_CtrlReceiveStatus)
    USBD_CtrlSendData                        0x08002b3d   Thumb Code    34  usbd_dataxfer.o(i.USBD_CtrlSendData)
    USBD_CtrlSendNextData                    0x08002b5f   Thumb Code    26  usbd_dataxfer.o(i.USBD_CtrlSendNextData)
    USBD_CtrlSendStatus                      0x08002b79   Thumb Code    26  usbd_dataxfer.o(i.USBD_CtrlSendStatus)
    USBD_DataInStage                         0x08002bf5   Thumb Code   244  usbd_core.o(i.USBD_DataInStage)
    USBD_DataInStageCallback                 0x08002ce9   Thumb Code    34  usbd_board.o(i.USBD_DataInStageCallback)
    USBD_DataOutStage                        0x08002d0b   Thumb Code   256  usbd_core.o(i.USBD_DataOutStage)
    USBD_DataOutStageCallback                0x08002e0b   Thumb Code    34  usbd_board.o(i.USBD_DataOutStageCallback)
    USBD_DisableAckLPM                       0x08002e49   Thumb Code    16  apm32f0xx_usb.o(i.USBD_DisableAckLPM)
    USBD_DisableInterrupt                    0x08002e5d   Thumb Code    12  apm32f0xx_usb.o(i.USBD_DisableInterrupt)
    USBD_DisableLPM                          0x08002e6d   Thumb Code    10  apm32f0xx_usb.o(i.USBD_DisableLPM)
    USBD_EP_ClearStall                       0x08003135   Thumb Code   136  apm32f0xx_usb_device.o(i.USBD_EP_ClearStall)
    USBD_EP_ClearStallCallback               0x080031bd   Thumb Code    26  usbd_board.o(i.USBD_EP_ClearStallCallback)
    USBD_EP_Close                            0x080031d7   Thumb Code    96  apm32f0xx_usb_device.o(i.USBD_EP_Close)
    USBD_EP_CloseCallback                    0x08003237   Thumb Code    22  usbd_board.o(i.USBD_EP_CloseCallback)
    USBD_EP_Open                             0x08003511   Thumb Code   188  apm32f0xx_usb_device.o(i.USBD_EP_Open)
    USBD_EP_OpenCallback                     0x080035cd   Thumb Code    30  usbd_board.o(i.USBD_EP_OpenCallback)
    USBD_EP_ReadDir                          0x080035eb   Thumb Code    10  apm32f0xx_usb.o(i.USBD_EP_ReadDir)
    USBD_EP_ReadID                           0x080035f5   Thumb Code    10  apm32f0xx_usb.o(i.USBD_EP_ReadID)
    USBD_EP_ReadPacketData                   0x08003601   Thumb Code    46  apm32f0xx_usb.o(i.USBD_EP_ReadPacketData)
    USBD_EP_ReadRxAddrPointer                0x08003635   Thumb Code    18  apm32f0xx_usb.o(i.USBD_EP_ReadRxAddrPointer)
    USBD_EP_ReadRxCnt                        0x08003651   Thumb Code    22  apm32f0xx_usb.o(i.USBD_EP_ReadRxCnt)
    USBD_EP_ReadRxCntPointer                 0x08003669   Thumb Code    18  apm32f0xx_usb.o(i.USBD_EP_ReadRxCntPointer)
    USBD_EP_ReadStallStatus                  0x08003685   Thumb Code    48  apm32f0xx_usb_device.o(i.USBD_EP_ReadStallStatus)
    USBD_EP_ReadStallStatusCallback          0x080036b5   Thumb Code    22  usbd_board.o(i.USBD_EP_ReadStallStatusCallback)
    USBD_EP_ReadStatus                       0x080036cb   Thumb Code    10  apm32f0xx_usb.o(i.USBD_EP_ReadStatus)
    USBD_EP_ReadTxAddrPointer                0x080036d5   Thumb Code    16  apm32f0xx_usb.o(i.USBD_EP_ReadTxAddrPointer)
    USBD_EP_ReadTxCnt                        0x080036ed   Thumb Code    22  apm32f0xx_usb.o(i.USBD_EP_ReadTxCnt)
    USBD_EP_ReadTxCntPointer                 0x08003705   Thumb Code    18  apm32f0xx_usb.o(i.USBD_EP_ReadTxCntPointer)
    USBD_EP_Receive                          0x08003721   Thumb Code   114  apm32f0xx_usb_device.o(i.USBD_EP_Receive)
    USBD_EP_ReceiveCallback                  0x08003793   Thumb Code    36  usbd_board.o(i.USBD_EP_ReceiveCallback)
    USBD_EP_ResetKind                        0x080037b9   Thumb Code    34  apm32f0xx_usb.o(i.USBD_EP_ResetKind)
    USBD_EP_ResetRxFlag                      0x080037e1   Thumb Code    34  apm32f0xx_usb.o(i.USBD_EP_ResetRxFlag)
    USBD_EP_ResetRxToggle                    0x08003809   Thumb Code    28  apm32f0xx_usb.o(i.USBD_EP_ResetRxToggle)
    USBD_EP_ResetTxFlag                      0x08003825   Thumb Code    32  apm32f0xx_usb.o(i.USBD_EP_ResetTxFlag)
    USBD_EP_ResetTxToggle                    0x08003849   Thumb Code    28  apm32f0xx_usb.o(i.USBD_EP_ResetTxToggle)
    USBD_EP_SetAddr                          0x08003865   Thumb Code    38  apm32f0xx_usb.o(i.USBD_EP_SetAddr)
    USBD_EP_SetBuffer0RxCnt                  0x08003891   Thumb Code   126  apm32f0xx_usb.o(i.USBD_EP_SetBuffer0RxCnt)
    USBD_EP_SetBuffer0TxCnt                  0x08003915   Thumb Code    26  apm32f0xx_usb.o(i.USBD_EP_SetBuffer0TxCnt)
    USBD_EP_SetKind                          0x08003931   Thumb Code    34  apm32f0xx_usb.o(i.USBD_EP_SetKind)
    USBD_EP_SetRxAddr                        0x08003959   Thumb Code    24  apm32f0xx_usb.o(i.USBD_EP_SetRxAddr)
    USBD_EP_SetRxCnt                         0x08003971   Thumb Code   126  apm32f0xx_usb.o(i.USBD_EP_SetRxCnt)
    USBD_EP_SetRxStatus                      0x080039f5   Thumb Code    38  apm32f0xx_usb.o(i.USBD_EP_SetRxStatus)
    USBD_EP_SetTxAddr                        0x08003a21   Thumb Code    24  apm32f0xx_usb.o(i.USBD_EP_SetTxAddr)
    USBD_EP_SetTxCnt                         0x08003a39   Thumb Code    26  apm32f0xx_usb.o(i.USBD_EP_SetTxCnt)
    USBD_EP_SetTxStatus                      0x08003a55   Thumb Code    38  apm32f0xx_usb.o(i.USBD_EP_SetTxStatus)
    USBD_EP_SetType                          0x08003a81   Thumb Code    42  apm32f0xx_usb.o(i.USBD_EP_SetType)
    USBD_EP_Stall                            0x08003ab1   Thumb Code   108  apm32f0xx_usb_device.o(i.USBD_EP_Stall)
    USBD_EP_StallCallback                    0x08003b1d   Thumb Code    26  usbd_board.o(i.USBD_EP_StallCallback)
    USBD_EP_ToggleRx                         0x08003b39   Thumb Code    34  apm32f0xx_usb.o(i.USBD_EP_ToggleRx)
    USBD_EP_ToggleTx                         0x08003b61   Thumb Code    32  apm32f0xx_usb.o(i.USBD_EP_ToggleTx)
    USBD_EP_Transfer                         0x08003b85   Thumb Code   132  apm32f0xx_usb_device.o(i.USBD_EP_Transfer)
    USBD_EP_TransferCallback                 0x08003c09   Thumb Code    36  usbd_board.o(i.USBD_EP_TransferCallback)
    USBD_EP_WritePacketData                  0x08003c2d   Thumb Code    38  apm32f0xx_usb.o(i.USBD_EP_WritePacketData)
    USBD_EP_XferStart                        0x08003c59   Thumb Code  1646  apm32f0xx_usb_device.o(i.USBD_EP_XferStart)
    USBD_Enable                              0x080042c7   Thumb Code    12  apm32f0xx_usb.o(i.USBD_Enable)
    USBD_EnableAckLPM                        0x080042d5   Thumb Code    18  apm32f0xx_usb.o(i.USBD_EnableAckLPM)
    USBD_EnableInterrupt                     0x080042ed   Thumb Code    12  apm32f0xx_usb.o(i.USBD_EnableInterrupt)
    USBD_EnableLPM                           0x080042fd   Thumb Code    12  apm32f0xx_usb.o(i.USBD_EnableLPM)
    USBD_EnablePullUpDP                      0x08004309   Thumb Code    14  apm32f0xx_usb.o(i.USBD_EnablePullUpDP)
    USBD_EnumDoneCallback                    0x08004317   Thumb Code    48  usbd_board.o(i.USBD_EnumDoneCallback)
    USBD_HID_TxReport                        0x080047c9   Thumb Code    70  usbd_hid.o(i.USBD_HID_TxReport)
    USBD_HandleSOF                           0x0800480f   Thumb Code    38  usbd_core.o(i.USBD_HandleSOF)
    USBD_HardwareInit                        0x08004835   Thumb Code   106  usbd_board.o(i.USBD_HardwareInit)
    USBD_IRQHandler                          0x080048b1   Thumb Code    10  apm32f0xx_int.o(i.USBD_IRQHandler)
    USBD_Init                                0x080048c1   Thumb Code    72  usbd_core.o(i.USBD_Init)
    USBD_IsrHandler                          0x08004909   Thumb Code   350  apm32f0xx_usb_device.o(i.USBD_IsrHandler)
    USBD_LpmModeCallback                     0x08004a67   Thumb Code     2  apm32f0xx_usb_device.o(i.USBD_LpmModeCallback)
    USBD_REQ_CtrlError                       0x08004acb   Thumb Code    28  usbd_stdreq.o(i.USBD_REQ_CtrlError)
    USBD_ReadBESL                            0x08005001   Thumb Code    10  apm32f0xx_usb.o(i.USBD_ReadBESL)
    USBD_ReadIntFlag                         0x0800500b   Thumb Code    18  apm32f0xx_usb.o(i.USBD_ReadIntFlag)
    USBD_Reset                               0x0800501d   Thumb Code   126  usbd_core.o(i.USBD_Reset)
    USBD_ResetEP                             0x0800509b   Thumb Code   156  apm32f0xx_usb.o(i.USBD_ResetEP)
    USBD_ResetForceReset                     0x08005137   Thumb Code    10  apm32f0xx_usb.o(i.USBD_ResetForceReset)
    USBD_ResetForceSuspend                   0x08005141   Thumb Code    10  apm32f0xx_usb.o(i.USBD_ResetForceSuspend)
    USBD_ResetLowerPowerMode                 0x0800514b   Thumb Code    10  apm32f0xx_usb.o(i.USBD_ResetLowerPowerMode)
    USBD_Resume                              0x08005155   Thumb Code    34  usbd_core.o(i.USBD_Resume)
    USBD_ResumeCallback                      0x08005179   Thumb Code    40  usbd_board.o(i.USBD_ResumeCallback)
    USBD_SOFCallback                         0x080051a5   Thumb Code    18  usbd_board.o(i.USBD_SOFCallback)
    USBD_SetDevAddress                       0x080051b7   Thumb Code    34  apm32f0xx_usb_device.o(i.USBD_SetDevAddress)
    USBD_SetDevAddressCallback               0x080051d9   Thumb Code    26  usbd_board.o(i.USBD_SetDevAddressCallback)
    USBD_SetDeviceAddr                       0x080051f3   Thumb Code    16  apm32f0xx_usb.o(i.USBD_SetDeviceAddr)
    USBD_SetForceReset                       0x08005203   Thumb Code    12  apm32f0xx_usb.o(i.USBD_SetForceReset)
    USBD_SetForceSuspend                     0x0800520f   Thumb Code    12  apm32f0xx_usb.o(i.USBD_SetForceSuspend)
    USBD_SetLowerPowerMode                   0x0800521b   Thumb Code    12  apm32f0xx_usb.o(i.USBD_SetLowerPowerMode)
    USBD_SetSpeed                            0x08005227   Thumb Code    20  usbd_core.o(i.USBD_SetSpeed)
    USBD_SetupStage                          0x0800523d   Thumb Code  1074  usbd_core.o(i.USBD_SetupStage)
    USBD_SetupStageCallback                  0x08005675   Thumb Code    24  usbd_board.o(i.USBD_SetupStageCallback)
    USBD_Start                               0x0800568d   Thumb Code    26  apm32f0xx_usb_device.o(i.USBD_Start)
    USBD_StartCallback                       0x080056ad   Thumb Code    18  usbd_board.o(i.USBD_StartCallback)
    USBD_Suspend                             0x080056bf   Thumb Code    32  usbd_core.o(i.USBD_Suspend)
    USBD_SuspendCallback                     0x080056e1   Thumb Code    36  usbd_board.o(i.USBD_SuspendCallback)
    USBD_TestModeHandler                     0x0800577b   Thumb Code     6  usbd_core.o(i.USBD_TestModeHandler)
    USBH_SetupReqParse                       0x08005781   Thumb Code    40  usbd_dataxfer.o(i.USBH_SetupReqParse)
    USB_DeviceInit                           0x080057dd   Thumb Code    20  usb_device_user.o(i.USB_DeviceInit)
    __0printf$bare                           0x08005801   Thumb Code    12  printfb.o(i.__0printf$bare)
    __1printf$bare                           0x08005801   Thumb Code     0  printfb.o(i.__0printf$bare)
    __2printf                                0x08005801   Thumb Code     0  printfb.o(i.__0printf$bare)
    __ARM_common_switch8                     0x08005815   Thumb Code    28  tsc_user.o(i.__ARM_common_switch8)
    __scatterload_copy                       0x08005831   Thumb Code    14  handlers.o(i.__scatterload_copy)
    __scatterload_null                       0x0800583f   Thumb Code     2  handlers.o(i.__scatterload_null)
    __scatterload_zeroinit                   0x08005841   Thumb Code    14  handlers.o(i.__scatterload_zeroinit)
    fputc                                    0x0800586d   Thumb Code    32  main.o(i.fputc)
    free                                     0x08005891   Thumb Code    80  malloc.o(i.free)
    main                                     0x080058e5   Thumb Code   130  main.o(i.main)
    malloc                                   0x08005991   Thumb Code    92  malloc.o(i.malloc)
    MyChannels_Src                           0x080059fc   Data          60  tsc_user.o(.constdata)
    MyChannels_Dest                          0x08005a38   Data          10  tsc_user.o(.constdata)
    MyBlocks                                 0x08005a44   Data          72  tsc_user.o(.constdata)
    MyKeys_StateMachine                      0x08005a8c   Data         160  tsc_user.o(.constdata)
    MyKeys_Methods                           0x08005b2c   Data           8  tsc_user.o(.constdata)
    MyTouchKeys                              0x08005b34   Data         100  tsc_user.o(.constdata)
    MyObjects                                0x08005b98   Data          40  tsc_user.o(.constdata)
    GPIO_PIN                                 0x08005bc0   Data           8  board_apm32f072_eval.o(.constdata)
    GPIO_CLK                                 0x08005bc8   Data          16  board_apm32f072_eval.o(.constdata)
    BUTTON_PIN                               0x08005bd8   Data           8  board_apm32f072_eval.o(.constdata)
    BUTTON_CLK                               0x08005be0   Data          16  board_apm32f072_eval.o(.constdata)
    COM_USART_CLK                            0x08005bf0   Data           8  board_apm32f072_eval.o(.constdata)
    COM_TX_PORT_CLK                          0x08005bf8   Data           8  board_apm32f072_eval.o(.constdata)
    COM_RX_PORT_CLK                          0x08005c00   Data           8  board_apm32f072_eval.o(.constdata)
    COM_TX_PIN                               0x08005c08   Data           4  board_apm32f072_eval.o(.constdata)
    COM_RX_PIN                               0x08005c0c   Data           4  board_apm32f072_eval.o(.constdata)
    COM_TX_PIN_SOURCE                        0x08005c10   Data           2  board_apm32f072_eval.o(.constdata)
    COM_RX_PIN_SOURCE                        0x08005c12   Data           2  board_apm32f072_eval.o(.constdata)
    COM_TX_AF                                0x08005c14   Data           2  board_apm32f072_eval.o(.constdata)
    COM_RX_AF                                0x08005c16   Data           2  board_apm32f072_eval.o(.constdata)
    Region$$Table$$Base                      0x08005c3c   Number         0  anon$$obj.o(Region$$Table)
    Region$$Table$$Limit                     0x08005c5c   Number         0  anon$$obj.o(Region$$Table)
    cnt50ms                                  0x20000000   Data           1  tsc_user.o(.data)
    taskFlag                                 0x20000001   Data           1  tsc_user.o(.data)
    tscPressStatus                           0x20000002   Data           1  tsc_user.o(.data)
    cntTick                                  0x20000004   Data           2  tsc_user.o(.data)
    keyRecord                                0x20000006   Data           1  tsc_user.o(.data)
    MyObjGroup                               0x20000008   Data          16  tsc_user.o(.data)
    TSC_Params                               0x20000018   Data          16  tsc_user.o(.data)
    Global_ECS_last_tick                     0x20000028   Data           2  tsc_user.o(.data)
    Global_EOA                               0x2000002c   Data           4  tsc_user.o(.data)
    Global_ProcessSensor                     0x20000030   Data           4  tsc_user.o(.data)
    GPIO_PORT                                0x2000003c   Data          16  board_apm32f072_eval.o(.data)
    BUTTON_PORT                              0x2000004c   Data          16  board_apm32f072_eval.o(.data)
    COM_USART                                0x2000005c   Data           8  board_apm32f072_eval.o(.data)
    COM_TX_PORT                              0x20000064   Data           8  board_apm32f072_eval.o(.data)
    COM_RX_PORT                              0x2000006c   Data           8  board_apm32f072_eval.o(.data)
    delayTick                                0x20000074   Data           4  bsp_delay.o(.data)
    gUsbDevAppStatus                         0x20000078   Data           1  usb_device_user.o(.data)
    USBD_DESC_FS                             0x2000007c   Data          44  usbd_descriptor.o(.data)
    USBD_DeviceDesc                          0x200000a8   Data          18  usbd_descriptor.o(.data)
    USBD_ConfigDesc                          0x200000ba   Data          34  usbd_descriptor.o(.data)
    USBD_OtherSpeedCfgDesc                   0x200000dc   Data          34  usbd_descriptor.o(.data)
    USBD_SerialStrDesc                       0x200000fe   Data          26  usbd_descriptor.o(.data)
    USBD_LandIDStrDesc                       0x20000118   Data           4  usbd_descriptor.o(.data)
    USBD_DevQualifierDesc                    0x2000011c   Data          10  usbd_descriptor.o(.data)
    SystemCoreClock                          0x20000128   Data           4  system_apm32f0xx.o(.data)
    USBD_StdDevReqHandler                    0x2000012c   Data          52  usbd_stdreq.o(.data)
    USBD_HID_CLASS                           0x20000164   Data          48  usbd_hid.o(.data)
    USBD_HIDDesc                             0x20000194   Data           9  usbd_hid.o(.data)
    USBD_HIDReportDesc                       0x2000019d   Data          74  usbd_hid.o(.data)
    DelayDischarge                           0x200001e8   Data           4  tsc_acq.o(.data)
    __stdout                                 0x200001f4   Data           4  stdout.o(.data)
    __microlib_freelist                      0x200001f8   Data           4  mvars.o(.data)
    __microlib_freelist_initialised          0x200001fc   Data           4  mvars.o(.data)
    MyChannels_Data                          0x20000200   Data          60  tsc_user.o(.bss)
    MyKeys_Data                              0x2000023c   Data          20  tsc_user.o(.bss)
    MyKeys_Param                             0x20000250   Data          50  tsc_user.o(.bss)
    gUsbDeviceFS                             0x20000284   Data         712  usb_device_user.o(.bss)
    usbDeviceHandler                         0x2000054c   Data         796  usbd_board.o(.bss)
    TSC_Globals                              0x20000868   Data          20  tsc.o(.bss)
    __heap_base                              0x20000880   Data           0  startup_apm32f072.o(HEAP)
    __heap_limit                             0x20001080   Data           0  startup_apm32f072.o(HEAP)
    __initial_sp                             0x20001480   Data           0  startup_apm32f072.o(STACK)



==============================================================================

Memory Map of the image

  Image Entry point : 0x080000c1

  Load Region LR_IROM1 (Base: 0x08000000, Size: 0x00005e5c, Max: 0x00020000, ABSOLUTE, COMPRESSED[0x00005d88])

    Execution Region ER_IROM1 (Exec base: 0x08000000, Load base: 0x08000000, Size: 0x00005c5c, Max: 0x00020000, ABSOLUTE)

    Exec Addr    Load Addr    Size         Type   Attr      Idx    E Section Name        Object

    0x08000000   0x08000000   0x000000c0   Data   RO          902    RESET               startup_apm32f072.o
    0x080000c0   0x080000c0   0x00000000   Code   RO         7113  * .ARM.Collect$$$$00000000  mc_p.l(entry.o)
    0x080000c0   0x080000c0   0x00000004   Code   RO         7410    .ARM.Collect$$$$00000001  mc_p.l(entry2.o)
    0x080000c4   0x080000c4   0x00000004   Code   RO         7413    .ARM.Collect$$$$00000004  mc_p.l(entry5.o)
    0x080000c8   0x080000c8   0x00000000   Code   RO         7415    .ARM.Collect$$$$00000008  mc_p.l(entry7b.o)
    0x080000c8   0x080000c8   0x00000000   Code   RO         7417    .ARM.Collect$$$$0000000A  mc_p.l(entry8b.o)
    0x080000c8   0x080000c8   0x00000008   Code   RO         7418    .ARM.Collect$$$$0000000B  mc_p.l(entry9a.o)
    0x080000d0   0x080000d0   0x00000000   Code   RO         7420    .ARM.Collect$$$$0000000D  mc_p.l(entry10a.o)
    0x080000d0   0x080000d0   0x00000000   Code   RO         7422    .ARM.Collect$$$$0000000F  mc_p.l(entry11a.o)
    0x080000d0   0x080000d0   0x00000004   Code   RO         7411    .ARM.Collect$$$$00002712  mc_p.l(entry2.o)
    0x080000d4   0x080000d4   0x0000001c   Code   RO          903    .text               startup_apm32f072.o
    0x080000f0   0x080000f0   0x0000002c   Code   RO         7116    .text               mc_p.l(uidiv.o)
    0x0800011c   0x0800011c   0x00000024   Code   RO         7118    .text               mc_p.l(memseta.o)
    0x08000140   0x08000140   0x0000000e   Code   RO         7120    .text               mc_p.l(strlen.o)
    0x0800014e   0x0800014e   0x00000002   PAD
    0x08000150   0x08000150   0x00000024   Code   RO         7444    .text               mc_p.l(init.o)
    0x08000174   0x08000174   0x00000056   Code   RO         7464    .text               mc_p.l(__dczerorl2.o)
    0x080001ca   0x080001ca   0x00000002   PAD
    0x080001cc   0x080001cc   0x00000054   Code   RO          347    i.APM_DelayInit     bsp_delay.o
    0x08000220   0x08000220   0x00000018   Code   RO          348    i.APM_DelayMs       bsp_delay.o
    0x08000238   0x08000238   0x00000018   Code   RO          349    i.APM_DelayTickDec  bsp_delay.o
    0x08000250   0x08000250   0x00000138   Code   RO          274    i.APM_EVAL_COMInit  board_apm32f072_eval.o
    0x08000388   0x08000388   0x00000050   Code   RO          275    i.APM_EVAL_LEDInit  board_apm32f072_eval.o
    0x080003d8   0x080003d8   0x00000024   Code   RO          278    i.APM_EVAL_LEDToggle  board_apm32f072_eval.o
    0x080003fc   0x080003fc   0x00000088   Code   RO          280    i.APM_EVAL_PBInit   board_apm32f072_eval.o
    0x08000484   0x08000484   0x00000054   Code   RO           64    i.APM_EVAL_TMR14_Init  tsc_user.o
    0x080004d8   0x080004d8   0x00000020   Code   RO         1744    i.CRS_ConfigSynchronizationSource  apm32f0xx_crs.o
    0x080004f8   0x080004f8   0x00000014   Code   RO         1748    i.CRS_EnableAutomaticCalibration  apm32f0xx_crs.o
    0x0800050c   0x0800050c   0x00000014   Code   RO         1749    i.CRS_EnableFrequencyErrorCounter  apm32f0xx_crs.o
    0x08000520   0x08000520   0x0000009c   Code   RO         2207    i.EINT_Config       apm32f0xx_eint.o
    0x080005bc   0x080005bc   0x0000008a   Code   RO         2486    i.GPIO_Config       apm32f0xx_gpio.o
    0x08000646   0x08000646   0x00000046   Code   RO         2487    i.GPIO_ConfigPinAF  apm32f0xx_gpio.o
    0x0800068c   0x0800068c   0x00000014   Code   RO         2490    i.GPIO_ReadInputBit  apm32f0xx_gpio.o
    0x080006a0   0x080006a0   0x00000002   Code   RO          450    i.HardFault_Handler  apm32f0xx_int.o
    0x080006a2   0x080006a2   0x00000002   PAD
    0x080006a4   0x080006a4   0x0000004c   Code   RO           65    i.HidMouse_Proc     tsc_user.o
    0x080006f0   0x080006f0   0x0000004c   Code   RO           66    i.HidMouse_ReadKey  tsc_user.o
    0x0800073c   0x0800073c   0x00000054   Code   RO           67    i.HidMouse_Write    tsc_user.o
    0x08000790   0x08000790   0x00000080   Code   RO           68    i.Menu_TSCHandler   tsc_user.o
    0x08000810   0x08000810   0x00000008   Code   RO           69    i.MyKeys_ProcessErrorState  tsc_user.o
    0x08000818   0x08000818   0x00000002   Code   RO           70    i.MyKeys_ProcessOffState  tsc_user.o
    0x0800081a   0x0800081a   0x00000002   Code   RO          451    i.NMI_Handler       apm32f0xx_int.o
    0x0800081c   0x0800081c   0x00000024   Code   RO         3063    i.NVIC_EnableIRQRequest  apm32f0xx_misc.o
    0x08000840   0x08000840   0x00000078   Code   RO          350    i.NVIC_SetPriority  bsp_delay.o
    0x080008b8   0x080008b8   0x00000078   Code   RO         3065    i.NVIC_SetPriority  apm32f0xx_misc.o
    0x08000930   0x08000930   0x00000078   Code   RO         6914    i.NVIC_SetPriority  tsc_time.o
    0x080009a8   0x080009a8   0x00000002   Code   RO          452    i.PendSV_Handler    apm32f0xx_int.o
    0x080009aa   0x080009aa   0x00000002   PAD
    0x080009ac   0x080009ac   0x0000001c   Code   RO         3300    i.RCM_ConfigUSBCLK  apm32f0xx_rcm.o
    0x080009c8   0x080009c8   0x00000010   Code   RO         3317    i.RCM_EnableAHBPeriphClock  apm32f0xx_rcm.o
    0x080009d8   0x080009d8   0x00000010   Code   RO         3319    i.RCM_EnableAPB1PeriphClock  apm32f0xx_rcm.o
    0x080009e8   0x080009e8   0x00000010   Code   RO         3321    i.RCM_EnableAPB2PeriphClock  apm32f0xx_rcm.o
    0x080009f8   0x080009f8   0x00000018   Code   RO         3328    i.RCM_EnableHSI48   apm32f0xx_rcm.o
    0x08000a10   0x08000a10   0x00000034   Code   RO         3339    i.RCM_ReadPCLKFreq  apm32f0xx_rcm.o
    0x08000a44   0x08000a44   0x000000a4   Code   RO         3340    i.RCM_ReadSYSCLKFreq  apm32f0xx_rcm.o
    0x08000ae8   0x08000ae8   0x00000050   Code   RO         3343    i.RCM_ReadUSART1CLKFreq  apm32f0xx_rcm.o
    0x08000b38   0x08000b38   0x00000050   Code   RO         3344    i.RCM_ReadUSART2CLKFreq  apm32f0xx_rcm.o
    0x08000b88   0x08000b88   0x00000002   Code   RO          453    i.SVC_Handler       apm32f0xx_int.o
    0x08000b8a   0x08000b8a   0x0000000c   Code   RO         6605    i.SoftDelay         tsc_acq.o
    0x08000b96   0x08000b96   0x00000008   Code   RO          454    i.SysTick_Handler   apm32f0xx_int.o
    0x08000b9e   0x08000b9e   0x00000002   PAD
    0x08000ba0   0x08000ba0   0x000000dc   Code   RO          909    i.SystemClock48M    system_apm32f0xx.o
    0x08000c7c   0x08000c7c   0x00000008   Code   RO          910    i.SystemClockConfig  system_apm32f0xx.o
    0x08000c84   0x08000c84   0x00000088   Code   RO          912    i.SystemInit        system_apm32f0xx.o
    0x08000d0c   0x08000d0c   0x00000008   Code   RO          455    i.TMR14_IRQHandler  apm32f0xx_int.o
    0x08000d14   0x08000d14   0x0000006c   Code   RO           71    i.TMR14_Isr         tsc_user.o
    0x08000d80   0x08000d80   0x00000006   Code   RO         4456    i.TMR_ClearIntFlag  apm32f0xx_tmr.o
    0x08000d86   0x08000d86   0x00000002   PAD
    0x08000d88   0x08000d88   0x00000098   Code   RO         4475    i.TMR_ConfigTimeBase  apm32f0xx_tmr.o
    0x08000e20   0x08000e20   0x0000000c   Code   RO         4491    i.TMR_Enable        apm32f0xx_tmr.o
    0x08000e2c   0x08000e2c   0x00000008   Code   RO         4499    i.TMR_EnableInterrupt  apm32f0xx_tmr.o
    0x08000e34   0x08000e34   0x0000001a   Code   RO         4538    i.TMR_ReadIntFlag   apm32f0xx_tmr.o
    0x08000e4e   0x08000e4e   0x00000004   Code   RO         6607    i.TSC_Acq_CheckNoise  tsc_acq.o
    0x08000e52   0x08000e52   0x00000008   Code   RO         6608    i.TSC_Acq_ComputeDelta  tsc_acq.o
    0x08000e5a   0x08000e5a   0x00000008   Code   RO         6609    i.TSC_Acq_ComputeMeas  tsc_acq.o
    0x08000e62   0x08000e62   0x00000002   PAD
    0x08000e64   0x08000e64   0x00000088   Code   RO         6610    i.TSC_Acq_Config    tsc_acq.o
    0x08000eec   0x08000eec   0x0000007c   Code   RO         6611    i.TSC_Acq_ConfigBlock  tsc_acq.o
    0x08000f68   0x08000f68   0x00000100   Code   RO         6612    i.TSC_Acq_ConfigGPIO  tsc_acq.o
    0x08001068   0x08001068   0x00000004   Code   RO         6613    i.TSC_Acq_GPIOA_AF3_H  tsc_acq.o
    0x0800106c   0x0800106c   0x00000020   Code   RO         6614    i.TSC_Acq_GPIOA_AF3_L  tsc_acq.o
    0x0800108c   0x0800108c   0x00000018   Code   RO         6615    i.TSC_Acq_GPIOA_CHANNEL_SHIELD  tsc_acq.o
    0x080010a4   0x080010a4   0x0000000c   Code   RO         6616    i.TSC_Acq_GPIOA_SAMPCAP  tsc_acq.o
    0x080010b0   0x080010b0   0x00000004   Code   RO         6617    i.TSC_Acq_GPIOB_AF3_H  tsc_acq.o
    0x080010b4   0x080010b4   0x00000004   Code   RO         6618    i.TSC_Acq_GPIOB_AF3_L  tsc_acq.o
    0x080010b8   0x080010b8   0x00000004   Code   RO         6619    i.TSC_Acq_GPIOB_CHANNEL_SHIELD  tsc_acq.o
    0x080010bc   0x080010bc   0x00000004   Code   RO         6620    i.TSC_Acq_GPIOB_SAMPCAP  tsc_acq.o
    0x080010c0   0x080010c0   0x00000004   Code   RO         6621    i.TSC_Acq_GPIOC_CHANNEL_SHIELD  tsc_acq.o
    0x080010c4   0x080010c4   0x00000004   Code   RO         6622    i.TSC_Acq_GPIOC_SAMPCAP  tsc_acq.o
    0x080010c8   0x080010c8   0x000001b8   Code   RO         6623    i.TSC_Acq_ReadBlockResult  tsc_acq.o
    0x08001280   0x08001280   0x00000010   Code   RO         6624    i.TSC_Acq_ReadMeasurVal  tsc_acq.o
    0x08001290   0x08001290   0x0000000c   Code   RO         6625    i.TSC_Acq_Sampling_Capacitor  tsc_acq.o
    0x0800129c   0x0800129c   0x0000003a   Code   RO         6626    i.TSC_Acq_Schmitt_Trigger_Hysteresis  tsc_acq.o
    0x080012d6   0x080012d6   0x00000002   PAD
    0x080012d8   0x080012d8   0x0000002c   Code   RO         6627    i.TSC_Acq_StartPerConfigBlock  tsc_acq.o
    0x08001304   0x08001304   0x00000006   Code   RO         6628    i.TSC_Acq_TestFirstReference  tsc_acq.o
    0x0800130a   0x0800130a   0x00000006   Code   RO         6629    i.TSC_Acq_TestReferenceRange  tsc_acq.o
    0x08001310   0x08001310   0x00000006   Code   RO         6630    i.TSC_Acq_UseFilter  tsc_acq.o
    0x08001316   0x08001316   0x00000002   PAD
    0x08001318   0x08001318   0x00000024   Code   RO         6631    i.TSC_Acq_WaitBlockEOA  tsc_acq.o
    0x0800133c   0x0800133c   0x00000020   Code   RO         6578    i.TSC_Config        tsc.o
    0x0800135c   0x0800135c   0x0000007c   Code   RO           72    i.TSC_DetectHandler  tsc_user.o
    0x080013d8   0x080013d8   0x00000002   Code   RO         6790    i.TSC_Dxs_FirstObj  tsc_dxs.o
    0x080013da   0x080013da   0x00000002   PAD
    0x080013dc   0x080013dc   0x000000d0   Code   RO         6810    i.TSC_Ecs_CalculateK  tsc_ecs.o
    0x080014ac   0x080014ac   0x00000098   Code   RO         6811    i.TSC_Ecs_Process   tsc_ecs.o
    0x08001544   0x08001544   0x000000e0   Code   RO         6812    i.TSC_Ecs_ProcessK  tsc_ecs.o
    0x08001624   0x08001624   0x0000001c   Code   RO          456    i.TSC_IRQHandler    apm32f0xx_int.o
    0x08001640   0x08001640   0x00000020   Code   RO         6882    i.TSC_Obj_ConfigGlobalObj  tsc_object.o
    0x08001660   0x08001660   0x00000078   Code   RO         6883    i.TSC_Obj_ConfigGroup  tsc_object.o
    0x080016d8   0x080016d8   0x00000078   Code   RO         6884    i.TSC_Obj_ProcessGroup  tsc_object.o
    0x08001750   0x08001750   0x0000007c   Code   RO           73    i.TSC_ReleaseHandler  tsc_user.o
    0x080017cc   0x080017cc   0x00000050   Code   RO         6915    i.TSC_Time_Config   tsc_time.o
    0x0800181c   0x0800181c   0x00000074   Code   RO         6916    i.TSC_Time_Delay_ms  tsc_time.o
    0x08001890   0x08001890   0x00000068   Code   RO         6961    i.TSC_TouchKey_Config  tsc_touchkey.o
    0x080018f8   0x080018f8   0x0000008c   Code   RO         6963    i.TSC_TouchKey_ConfigCalibrationState  tsc_touchkey.o
    0x08001984   0x08001984   0x0000003c   Code   RO         6964    i.TSC_TouchKey_ConfigOffState  tsc_touchkey.o
    0x080019c0   0x080019c0   0x0000009c   Code   RO         6966    i.TSC_TouchKey_Process  tsc_touchkey.o
    0x08001a5c   0x08001a5c   0x00000128   Code   RO         6967    i.TSC_TouchKey_ProcessCalibrationState  tsc_touchkey.o
    0x08001b84   0x08001b84   0x0000007c   Code   RO         6968    i.TSC_TouchKey_ProcessDebCalibrationState  tsc_touchkey.o
    0x08001c00   0x08001c00   0x000000c8   Code   RO         6969    i.TSC_TouchKey_ProcessDebDetectState  tsc_touchkey.o
    0x08001cc8   0x08001cc8   0x000000b8   Code   RO         6970    i.TSC_TouchKey_ProcessDebErrorState  tsc_touchkey.o
    0x08001d80   0x08001d80   0x000000c8   Code   RO         6971    i.TSC_TouchKey_ProcessDebProxDetectState  tsc_touchkey.o
    0x08001e48   0x08001e48   0x000000c8   Code   RO         6972    i.TSC_TouchKey_ProcessDebProxState  tsc_touchkey.o
    0x08001f10   0x08001f10   0x000000c8   Code   RO         6973    i.TSC_TouchKey_ProcessDebProxTouchState  tsc_touchkey.o
    0x08001fd8   0x08001fd8   0x000000a0   Code   RO         6974    i.TSC_TouchKey_ProcessDebReleaseDetectState  tsc_touchkey.o
    0x08002078   0x08002078   0x0000007c   Code   RO         6975    i.TSC_TouchKey_ProcessDebReleaseProxState  tsc_touchkey.o
    0x080020f4   0x080020f4   0x000000a0   Code   RO         6976    i.TSC_TouchKey_ProcessDebReleaseTouchState  tsc_touchkey.o
    0x08002194   0x08002194   0x000000e4   Code   RO         6977    i.TSC_TouchKey_ProcessDetectState  tsc_touchkey.o
    0x08002278   0x08002278   0x000000e4   Code   RO         6978    i.TSC_TouchKey_ProcessProxState  tsc_touchkey.o
    0x0800235c   0x0800235c   0x0000012c   Code   RO         6979    i.TSC_TouchKey_ProcessReleaseState  tsc_touchkey.o
    0x08002488   0x08002488   0x000000e4   Code   RO         6980    i.TSC_TouchKey_ProcessTouchState  tsc_touchkey.o
    0x0800256c   0x0800256c   0x00000024   Code   RO         6983    i.TSC_TouchKey_ReadStateMask  tsc_touchkey.o
    0x08002590   0x08002590   0x000000a0   Code   RO           74    i.TSC_User_Action   tsc_user.o
    0x08002630   0x08002630   0x0000001c   Code   RO           75    i.TSC_User_Config   tsc_user.o
    0x0800264c   0x0800264c   0x00000002   Code   RO           76    i.TSC_User_Thresholds  tsc_user.o
    0x0800264e   0x0800264e   0x00000002   PAD
    0x08002650   0x08002650   0x000000b0   Code   RO         5104    i.USART_Config      apm32f0xx_usart.o
    0x08002700   0x08002700   0x0000000c   Code   RO         5144    i.USART_Enable      apm32f0xx_usart.o
    0x0800270c   0x0800270c   0x0000004a   Code   RO         5151    i.USART_EnableInterrupt  apm32f0xx_usart.o
    0x08002756   0x08002756   0x00000012   Code   RO         5166    i.USART_ReadStatusFlag  apm32f0xx_usart.o
    0x08002768   0x08002768   0x00000008   Code   RO         5170    i.USART_TxData      apm32f0xx_usart.o
    0x08002770   0x08002770   0x00000008   Code   RO         5600    i.USBD_ClearIntFlag  apm32f0xx_usb.o
    0x08002778   0x08002778   0x00000104   Code   RO          701    i.USBD_ClockInit    usbd_board.o
    0x0800287c   0x0800287c   0x000000cc   Code   RO         5950    i.USBD_Config       apm32f0xx_usb_device.o
    0x08002948   0x08002948   0x0000013c   Code   RO         5601    i.USBD_ConfigEP     apm32f0xx_usb.o
    0x08002a84   0x08002a84   0x00000044   Code   RO         5951    i.USBD_ConfigLinkPowerMode  apm32f0xx_usb_device.o
    0x08002ac8   0x08002ac8   0x00000040   Code   RO         5952    i.USBD_ConfigPMA    apm32f0xx_usb_device.o
    0x08002b08   0x08002b08   0x0000001a   Code   RO         6357    i.USBD_CtrlReceiveData  usbd_dataxfer.o
    0x08002b22   0x08002b22   0x0000001a   Code   RO         6358    i.USBD_CtrlReceiveStatus  usbd_dataxfer.o
    0x08002b3c   0x08002b3c   0x00000022   Code   RO         6359    i.USBD_CtrlSendData  usbd_dataxfer.o
    0x08002b5e   0x08002b5e   0x0000001a   Code   RO         6360    i.USBD_CtrlSendNextData  usbd_dataxfer.o
    0x08002b78   0x08002b78   0x0000001a   Code   RO         6361    i.USBD_CtrlSendStatus  usbd_dataxfer.o
    0x08002b92   0x08002b92   0x00000062   Code   RO          623    i.USBD_DESC_Ascii2Unicode  usbd_descriptor.o
    0x08002bf4   0x08002bf4   0x000000f4   Code   RO         6165    i.USBD_DataInStage  usbd_core.o
    0x08002ce8   0x08002ce8   0x00000022   Code   RO          703    i.USBD_DataInStageCallback  usbd_board.o
    0x08002d0a   0x08002d0a   0x00000100   Code   RO         6166    i.USBD_DataOutStage  usbd_core.o
    0x08002e0a   0x08002e0a   0x00000022   Code   RO          704    i.USBD_DataOutStageCallback  usbd_board.o
    0x08002e2c   0x08002e2c   0x0000001c   Code   RO          624    i.USBD_DevQualifierDescHandler  usbd_descriptor.o
    0x08002e48   0x08002e48   0x00000014   Code   RO         5603    i.USBD_DisableAckLPM  apm32f0xx_usb.o
    0x08002e5c   0x08002e5c   0x00000010   Code   RO         5604    i.USBD_DisableInterrupt  apm32f0xx_usb.o
    0x08002e6c   0x08002e6c   0x0000000a   Code   RO         5605    i.USBD_DisableLPM   apm32f0xx_usb.o
    0x08002e76   0x08002e76   0x000002be   Code   RO         5957    i.USBD_EP_CTRHandler  apm32f0xx_usb_device.o
    0x08003134   0x08003134   0x00000088   Code   RO         5958    i.USBD_EP_ClearStall  apm32f0xx_usb_device.o
    0x080031bc   0x080031bc   0x0000001a   Code   RO          706    i.USBD_EP_ClearStallCallback  usbd_board.o
    0x080031d6   0x080031d6   0x00000060   Code   RO         5959    i.USBD_EP_Close     apm32f0xx_usb_device.o
    0x08003236   0x08003236   0x00000016   Code   RO          707    i.USBD_EP_CloseCallback  usbd_board.o
    0x0800324c   0x0800324c   0x000000b0   Code   RO         5960    i.USBD_EP_DB_Receive  apm32f0xx_usb_device.o
    0x080032fc   0x080032fc   0x00000214   Code   RO         5961    i.USBD_EP_DB_Transmit  apm32f0xx_usb_device.o
    0x08003510   0x08003510   0x000000bc   Code   RO         5963    i.USBD_EP_Open      apm32f0xx_usb_device.o
    0x080035cc   0x080035cc   0x0000001e   Code   RO          709    i.USBD_EP_OpenCallback  usbd_board.o
    0x080035ea   0x080035ea   0x0000000a   Code   RO         5607    i.USBD_EP_ReadDir   apm32f0xx_usb.o
    0x080035f4   0x080035f4   0x0000000a   Code   RO         5608    i.USBD_EP_ReadID    apm32f0xx_usb.o
    0x080035fe   0x080035fe   0x00000002   PAD
    0x08003600   0x08003600   0x00000034   Code   RO         5609    i.USBD_EP_ReadPacketData  apm32f0xx_usb.o
    0x08003634   0x08003634   0x0000001c   Code   RO         5611    i.USBD_EP_ReadRxAddrPointer  apm32f0xx_usb.o
    0x08003650   0x08003650   0x00000016   Code   RO         5613    i.USBD_EP_ReadRxCnt  apm32f0xx_usb.o
    0x08003666   0x08003666   0x00000002   PAD
    0x08003668   0x08003668   0x0000001c   Code   RO         5614    i.USBD_EP_ReadRxCntPointer  apm32f0xx_usb.o
    0x08003684   0x08003684   0x00000030   Code   RO         5965    i.USBD_EP_ReadStallStatus  apm32f0xx_usb_device.o
    0x080036b4   0x080036b4   0x00000016   Code   RO          711    i.USBD_EP_ReadStallStatusCallback  usbd_board.o
    0x080036ca   0x080036ca   0x0000000a   Code   RO         5615    i.USBD_EP_ReadStatus  apm32f0xx_usb.o
    0x080036d4   0x080036d4   0x00000018   Code   RO         5617    i.USBD_EP_ReadTxAddrPointer  apm32f0xx_usb.o
    0x080036ec   0x080036ec   0x00000016   Code   RO         5619    i.USBD_EP_ReadTxCnt  apm32f0xx_usb.o
    0x08003702   0x08003702   0x00000002   PAD
    0x08003704   0x08003704   0x0000001c   Code   RO         5620    i.USBD_EP_ReadTxCntPointer  apm32f0xx_usb.o
    0x08003720   0x08003720   0x00000072   Code   RO         5966    i.USBD_EP_Receive   apm32f0xx_usb_device.o
    0x08003792   0x08003792   0x00000024   Code   RO          712    i.USBD_EP_ReceiveCallback  usbd_board.o
    0x080037b6   0x080037b6   0x00000002   PAD
    0x080037b8   0x080037b8   0x00000028   Code   RO         5621    i.USBD_EP_ResetKind  apm32f0xx_usb.o
    0x080037e0   0x080037e0   0x00000028   Code   RO         5622    i.USBD_EP_ResetRxFlag  apm32f0xx_usb.o
    0x08003808   0x08003808   0x0000001c   Code   RO         5623    i.USBD_EP_ResetRxToggle  apm32f0xx_usb.o
    0x08003824   0x08003824   0x00000024   Code   RO         5624    i.USBD_EP_ResetTxFlag  apm32f0xx_usb.o
    0x08003848   0x08003848   0x0000001c   Code   RO         5625    i.USBD_EP_ResetTxToggle  apm32f0xx_usb.o
    0x08003864   0x08003864   0x0000002c   Code   RO         5626    i.USBD_EP_SetAddr   apm32f0xx_usb.o
    0x08003890   0x08003890   0x00000084   Code   RO         5627    i.USBD_EP_SetBuffer0RxCnt  apm32f0xx_usb.o
    0x08003914   0x08003914   0x0000001a   Code   RO         5628    i.USBD_EP_SetBuffer0TxCnt  apm32f0xx_usb.o
    0x0800392e   0x0800392e   0x00000002   PAD
    0x08003930   0x08003930   0x00000028   Code   RO         5629    i.USBD_EP_SetKind   apm32f0xx_usb.o
    0x08003958   0x08003958   0x00000018   Code   RO         5630    i.USBD_EP_SetRxAddr  apm32f0xx_usb.o
    0x08003970   0x08003970   0x00000084   Code   RO         5631    i.USBD_EP_SetRxCnt  apm32f0xx_usb.o
    0x080039f4   0x080039f4   0x0000002c   Code   RO         5632    i.USBD_EP_SetRxStatus  apm32f0xx_usb.o
    0x08003a20   0x08003a20   0x00000018   Code   RO         5633    i.USBD_EP_SetTxAddr  apm32f0xx_usb.o
    0x08003a38   0x08003a38   0x0000001a   Code   RO         5634    i.USBD_EP_SetTxCnt  apm32f0xx_usb.o
    0x08003a52   0x08003a52   0x00000002   PAD
    0x08003a54   0x08003a54   0x0000002c   Code   RO         5636    i.USBD_EP_SetTxStatus  apm32f0xx_usb.o
    0x08003a80   0x08003a80   0x00000030   Code   RO         5637    i.USBD_EP_SetType   apm32f0xx_usb.o
    0x08003ab0   0x08003ab0   0x0000006c   Code   RO         5967    i.USBD_EP_Stall     apm32f0xx_usb_device.o
    0x08003b1c   0x08003b1c   0x0000001a   Code   RO          713    i.USBD_EP_StallCallback  usbd_board.o
    0x08003b36   0x08003b36   0x00000002   PAD
    0x08003b38   0x08003b38   0x00000028   Code   RO         5638    i.USBD_EP_ToggleRx  apm32f0xx_usb.o
    0x08003b60   0x08003b60   0x00000024   Code   RO         5639    i.USBD_EP_ToggleTx  apm32f0xx_usb.o
    0x08003b84   0x08003b84   0x00000084   Code   RO         5968    i.USBD_EP_Transfer  apm32f0xx_usb_device.o
    0x08003c08   0x08003c08   0x00000024   Code   RO          714    i.USBD_EP_TransferCallback  usbd_board.o
    0x08003c2c   0x08003c2c   0x0000002c   Code   RO         5640    i.USBD_EP_WritePacketData  apm32f0xx_usb.o
    0x08003c58   0x08003c58   0x0000066e   Code   RO         5969    i.USBD_EP_XferStart  apm32f0xx_usb_device.o
    0x080042c6   0x080042c6   0x0000000c   Code   RO         5641    i.USBD_Enable       apm32f0xx_usb.o
    0x080042d2   0x080042d2   0x00000002   PAD
    0x080042d4   0x080042d4   0x00000018   Code   RO         5642    i.USBD_EnableAckLPM  apm32f0xx_usb.o
    0x080042ec   0x080042ec   0x00000010   Code   RO         5643    i.USBD_EnableInterrupt  apm32f0xx_usb.o
    0x080042fc   0x080042fc   0x0000000c   Code   RO         5644    i.USBD_EnableLPM    apm32f0xx_usb.o
    0x08004308   0x08004308   0x0000000e   Code   RO         5645    i.USBD_EnablePullUpDP  apm32f0xx_usb.o
    0x08004316   0x08004316   0x00000030   Code   RO          715    i.USBD_EnumDoneCallback  usbd_board.o
    0x08004346   0x08004346   0x00000002   PAD
    0x08004348   0x08004348   0x0000001c   Code   RO          625    i.USBD_FS_ConfigDescHandler  usbd_descriptor.o
    0x08004364   0x08004364   0x0000001c   Code   RO          626    i.USBD_FS_DeviceDescHandler  usbd_descriptor.o
    0x08004380   0x08004380   0x00000030   Code   RO          627    i.USBD_FS_InterfaceDescHandler  usbd_descriptor.o
    0x080043b0   0x080043b0   0x0000001c   Code   RO          628    i.USBD_FS_LangIdDescHandler  usbd_descriptor.o
    0x080043cc   0x080043cc   0x00000028   Code   RO          629    i.USBD_FS_ManufacturerDescHandler  usbd_descriptor.o
    0x080043f4   0x080043f4   0x0000002c   Code   RO          630    i.USBD_FS_ProductDescHandler  usbd_descriptor.o
    0x08004420   0x08004420   0x0000001c   Code   RO          631    i.USBD_FS_SerialDescHandler  usbd_descriptor.o
    0x0800443c   0x0800443c   0x00000074   Code   RO         6496    i.USBD_HID_ClassDeInitHandler  usbd_hid.o
    0x080044b0   0x080044b0   0x000000c0   Code   RO         6497    i.USBD_HID_ClassInitHandler  usbd_hid.o
    0x08004570   0x08004570   0x00000024   Code   RO         6498    i.USBD_HID_DataInHandler  usbd_hid.o
    0x08004594   0x08004594   0x0000001c   Code   RO         6499    i.USBD_HID_DescHandler  usbd_hid.o
    0x080045b0   0x080045b0   0x0000001c   Code   RO         6501    i.USBD_HID_ReportDescHandler  usbd_hid.o
    0x080045cc   0x080045cc   0x00000006   Code   RO         6502    i.USBD_HID_SOFHandler  usbd_hid.o
    0x080045d2   0x080045d2   0x00000002   PAD
    0x080045d4   0x080045d4   0x000001f4   Code   RO         6503    i.USBD_HID_SetupHandler  usbd_hid.o
    0x080047c8   0x080047c8   0x00000046   Code   RO         6504    i.USBD_HID_TxReport  usbd_hid.o
    0x0800480e   0x0800480e   0x00000026   Code   RO         6178    i.USBD_HandleSOF    usbd_core.o
    0x08004834   0x08004834   0x0000007c   Code   RO          716    i.USBD_HardwareInit  usbd_board.o
    0x080048b0   0x080048b0   0x00000010   Code   RO          457    i.USBD_IRQHandler   apm32f0xx_int.o
    0x080048c0   0x080048c0   0x00000048   Code   RO         6179    i.USBD_Init         usbd_core.o
    0x08004908   0x08004908   0x0000015e   Code   RO         5973    i.USBD_IsrHandler   apm32f0xx_usb_device.o
    0x08004a66   0x08004a66   0x00000002   Code   RO         5974    i.USBD_LpmModeCallback  apm32f0xx_usb_device.o
    0x08004a68   0x08004a68   0x0000001c   Code   RO          632    i.USBD_OtherSpeedConfigDescHandler  usbd_descriptor.o
    0x08004a84   0x08004a84   0x00000046   Code   RO         6411    i.USBD_REQ_ClearFeature  usbd_stdreq.o
    0x08004aca   0x08004aca   0x0000001c   Code   RO         6412    i.USBD_REQ_CtrlError  usbd_stdreq.o
    0x08004ae6   0x08004ae6   0x00000060   Code   RO         6413    i.USBD_REQ_GetCfg   usbd_stdreq.o
    0x08004b46   0x08004b46   0x0000025c   Code   RO         6414    i.USBD_REQ_GetDesc  usbd_stdreq.o
    0x08004da2   0x08004da2   0x00000006   Code   RO         6415    i.USBD_REQ_GetItf   usbd_stdreq.o
    0x08004da8   0x08004da8   0x00000064   Code   RO         6416    i.USBD_REQ_GetStatus  usbd_stdreq.o
    0x08004e0c   0x08004e0c   0x0000007a   Code   RO         6417    i.USBD_REQ_SetAddress  usbd_stdreq.o
    0x08004e86   0x08004e86   0x00000002   PAD
    0x08004e88   0x08004e88   0x00000120   Code   RO         6418    i.USBD_REQ_SetCfg   usbd_stdreq.o
    0x08004fa8   0x08004fa8   0x00000006   Code   RO         6419    i.USBD_REQ_SetDesc  usbd_stdreq.o
    0x08004fae   0x08004fae   0x00000046   Code   RO         6420    i.USBD_REQ_SetFeature  usbd_stdreq.o
    0x08004ff4   0x08004ff4   0x00000006   Code   RO         6421    i.USBD_REQ_SetItf   usbd_stdreq.o
    0x08004ffa   0x08004ffa   0x00000006   Code   RO         6422    i.USBD_REQ_SyncFrame  usbd_stdreq.o
    0x08005000   0x08005000   0x0000000a   Code   RO         5646    i.USBD_ReadBESL     apm32f0xx_usb.o
    0x0800500a   0x0800500a   0x00000012   Code   RO         5647    i.USBD_ReadIntFlag  apm32f0xx_usb.o
    0x0800501c   0x0800501c   0x0000007e   Code   RO         6182    i.USBD_Reset        usbd_core.o
    0x0800509a   0x0800509a   0x0000009c   Code   RO         5648    i.USBD_ResetEP      apm32f0xx_usb.o
    0x08005136   0x08005136   0x0000000a   Code   RO         5649    i.USBD_ResetForceReset  apm32f0xx_usb.o
    0x08005140   0x08005140   0x0000000a   Code   RO         5650    i.USBD_ResetForceSuspend  apm32f0xx_usb.o
    0x0800514a   0x0800514a   0x0000000a   Code   RO         5651    i.USBD_ResetLowerPowerMode  apm32f0xx_usb.o
    0x08005154   0x08005154   0x00000022   Code   RO         6183    i.USBD_Resume       usbd_core.o
    0x08005176   0x08005176   0x00000002   PAD
    0x08005178   0x08005178   0x0000002c   Code   RO          720    i.USBD_ResumeCallback  usbd_board.o
    0x080051a4   0x080051a4   0x00000012   Code   RO          721    i.USBD_SOFCallback  usbd_board.o
    0x080051b6   0x080051b6   0x00000022   Code   RO         5977    i.USBD_SetDevAddress  apm32f0xx_usb_device.o
    0x080051d8   0x080051d8   0x0000001a   Code   RO          722    i.USBD_SetDevAddressCallback  usbd_board.o
    0x080051f2   0x080051f2   0x00000010   Code   RO         5652    i.USBD_SetDeviceAddr  apm32f0xx_usb.o
    0x08005202   0x08005202   0x0000000c   Code   RO         5653    i.USBD_SetForceReset  apm32f0xx_usb.o
    0x0800520e   0x0800520e   0x0000000c   Code   RO         5654    i.USBD_SetForceSuspend  apm32f0xx_usb.o
    0x0800521a   0x0800521a   0x0000000c   Code   RO         5655    i.USBD_SetLowerPowerMode  apm32f0xx_usb.o
    0x08005226   0x08005226   0x00000014   Code   RO         6185    i.USBD_SetSpeed     usbd_core.o
    0x0800523a   0x0800523a   0x00000002   PAD
    0x0800523c   0x0800523c   0x00000438   Code   RO         6186    i.USBD_SetupStage   usbd_core.o
    0x08005674   0x08005674   0x00000018   Code   RO          723    i.USBD_SetupStageCallback  usbd_board.o
    0x0800568c   0x0800568c   0x00000020   Code   RO         5979    i.USBD_Start        apm32f0xx_usb_device.o
    0x080056ac   0x080056ac   0x00000012   Code   RO          724    i.USBD_StartCallback  usbd_board.o
    0x080056be   0x080056be   0x00000020   Code   RO         6190    i.USBD_Suspend      usbd_core.o
    0x080056de   0x080056de   0x00000002   PAD
    0x080056e0   0x080056e0   0x00000028   Code   RO          727    i.USBD_SuspendCallback  usbd_board.o
    0x08005708   0x08005708   0x00000072   Code   RO         5983    i.USBD_SuspendHandler  apm32f0xx_usb_device.o
    0x0800577a   0x0800577a   0x00000006   Code   RO         6191    i.USBD_TestModeHandler  usbd_core.o
    0x08005780   0x08005780   0x00000028   Code   RO         6362    i.USBH_SetupReqParse  usbd_dataxfer.o
    0x080057a8   0x080057a8   0x00000034   Code   RO          572    i.USB_DevUserHandler  usb_device_user.o
    0x080057dc   0x080057dc   0x00000024   Code   RO          573    i.USB_DeviceInit    usb_device_user.o
    0x08005800   0x08005800   0x00000014   Code   RO         7123    i.__0printf$bare    mc_p.l(printfb.o)
    0x08005814   0x08005814   0x0000001c   Code   RO          156    i.__ARM_common_switch8  tsc_user.o
    0x08005830   0x08005830   0x0000000e   Code   RO         7458    i.__scatterload_copy  mc_p.l(handlers.o)
    0x0800583e   0x0800583e   0x00000002   Code   RO         7459    i.__scatterload_null  mc_p.l(handlers.o)
    0x08005840   0x08005840   0x0000000e   Code   RO         7460    i.__scatterload_zeroinit  mc_p.l(handlers.o)
    0x0800584e   0x0800584e   0x0000001e   Code   RO         7130    i._printf_core      mc_p.l(printfb.o)
    0x0800586c   0x0800586c   0x00000024   Code   RO          397    i.fputc             main.o
    0x08005890   0x08005890   0x00000054   Code   RO         7382    i.free              mc_p.l(malloc.o)
    0x080058e4   0x080058e4   0x000000ac   Code   RO          398    i.main              main.o
    0x08005990   0x08005990   0x0000006c   Code   RO         7383    i.malloc            mc_p.l(malloc.o)
    0x080059fc   0x080059fc   0x000001c4   Data   RO           78    .constdata          tsc_user.o
    0x08005bc0   0x08005bc0   0x00000058   Data   RO          282    .constdata          board_apm32f072_eval.o
    0x08005c18   0x08005c18   0x00000015   Data   RO          633    .conststring        usbd_descriptor.o
    0x08005c2d   0x08005c2d   0x00000003   PAD
    0x08005c30   0x08005c30   0x0000000a   Data   RO         6505    .conststring        usbd_hid.o
    0x08005c3a   0x08005c3a   0x00000002   PAD
    0x08005c3c   0x08005c3c   0x00000020   Data   RO         7456    Region$$Table       anon$$obj.o


    Execution Region RW_IRAM1 (Exec base: 0x20000000, Load base: 0x08005c5c, Size: 0x00001480, Max: 0x00004000, ABSOLUTE, COMPRESSED[0x0000012c])

    Exec Addr    Load Addr    Size         Type   Attr      Idx    E Section Name        Object

    0x20000000   COMPRESSED   0x0000003c   Data   RW           79    .data               tsc_user.o
    0x2000003c   COMPRESSED   0x00000038   Data   RW          283    .data               board_apm32f072_eval.o
    0x20000074   COMPRESSED   0x00000004   Data   RW          351    .data               bsp_delay.o
    0x20000078   COMPRESSED   0x00000002   Data   RW          576    .data               usb_device_user.o
    0x2000007a   COMPRESSED   0x00000002   PAD
    0x2000007c   COMPRESSED   0x000000aa   Data   RW          634    .data               usbd_descriptor.o
    0x20000126   COMPRESSED   0x00000002   PAD
    0x20000128   COMPRESSED   0x00000004   Data   RW          913    .data               system_apm32f0xx.o
    0x2000012c   COMPRESSED   0x00000035   Data   RW         6423    .data               usbd_stdreq.o
    0x20000161   COMPRESSED   0x00000003   PAD
    0x20000164   COMPRESSED   0x00000083   Data   RW         6506    .data               usbd_hid.o
    0x200001e7   COMPRESSED   0x00000001   PAD
    0x200001e8   COMPRESSED   0x0000000a   Data   RW         6633    .data               tsc_acq.o
    0x200001f2   COMPRESSED   0x00000002   Data   RW         6984    .data               tsc_touchkey.o
    0x200001f4   COMPRESSED   0x00000004   Data   RW         7424    .data               mc_p.l(stdout.o)
    0x200001f8   COMPRESSED   0x00000004   Data   RW         7431    .data               mc_p.l(mvars.o)
    0x200001fc   COMPRESSED   0x00000004   Data   RW         7432    .data               mc_p.l(mvars.o)
    0x20000200        -       0x00000082   Zero   RW           77    .bss                tsc_user.o
    0x20000282   COMPRESSED   0x00000002   PAD
    0x20000284        -       0x000002c8   Zero   RW          575    .bss                usb_device_user.o
    0x2000054c        -       0x0000031c   Zero   RW          728    .bss                usbd_board.o
    0x20000868        -       0x00000014   Zero   RW         6579    .bss                tsc.o
    0x2000087c   COMPRESSED   0x00000004   PAD
    0x20000880        -       0x00000800   Zero   RW          901    HEAP                startup_apm32f072.o
    0x20001080        -       0x00000400   Zero   RW          900    STACK               startup_apm32f072.o


==============================================================================

Image component sizes


      Code (inc. data)   RO Data    RW Data    ZI Data      Debug   Object Name

        72         14          0          0          0       1773   apm32f0xx_crs.o
       156          6          0          0          0       1254   apm32f0xx_eint.o
       228          0          0          0          0       2857   apm32f0xx_gpio.o
        68         14          0          0          0      14821   apm32f0xx_int.o
       156         14          0          0          0       7236   apm32f0xx_misc.o
       476         76          0          0          0       5744   apm32f0xx_rcm.o
       204         24          0          0          0      10429   apm32f0xx_tmr.o
       288         22          0          0          0       4044   apm32f0xx_usart.o
      1824        136          0          0          0      33773   apm32f0xx_usb.o
      4746          6          0          0          0      17012   apm32f0xx_usb_device.o
         0          0          0          0          0      76420   board.o
       564         94         88         56          0       5875   board_apm32f072_eval.o
       252         30          0          4          0      68477   bsp_delay.o
       208         46          0          0          0       3251   main.o
        28          8        192          0       3072        620   startup_apm32f072.o
       364         26          0          4          0       1787   system_apm32f0xx.o
        32          4          0          0         20       2284   tsc.o
      1268         66          0         10          0      18384   tsc_acq.o
         2          0          0          0          0       1095   tsc_dxs.o
       584         20          0          0          0       3418   tsc_ecs.o
       272         12          0          0          0       2647   tsc_object.o
       316         34          0          0          0       8550   tsc_time.o
      3328         98          0          2          0      14375   tsc_touchkey.o
      1032        120        452         60        130      29322   tsc_user.o
        88         32          0          2        712       3046   usb_device_user.o
       868         34          0          0        796      19326   usbd_board.o
      1908          6          0          0          0       9547   usbd_core.o
       178          0          0          0          0       5147   usbd_dataxfer.o
       398         72         21        170          0       7554   usbd_descriptor.o
       976         62         10        131          0       8865   usbd_hid.o
      1402         14          0         53          0      10297   usbd_stdreq.o

    ----------------------------------------------------------------------
     22332       1090        800        500       4736     399230   Object Totals
         0          0         32          0          0          0   (incl. Generated)
        46          0          5          8          6          0   (incl. Padding)

    ----------------------------------------------------------------------

      Code (inc. data)   RO Data    RW Data    ZI Data      Debug   Library Member Name

        86          0          0          0          0          0   __dczerorl2.o
         0          0          0          0          0          0   entry.o
         0          0          0          0          0          0   entry10a.o
         0          0          0          0          0          0   entry11a.o
         8          4          0          0          0          0   entry2.o
         4          0          0          0          0          0   entry5.o
         0          0          0          0          0          0   entry7b.o
         0          0          0          0          0          0   entry8b.o
         8          4          0          0          0          0   entry9a.o
        30          0          0          0          0          0   handlers.o
        36          8          0          0          0         68   init.o
       192         20          0          0          0        144   malloc.o
        36          0          0          0          0        100   memseta.o
         0          0          0          8          0          0   mvars.o
        50          8          0          0          0        144   printfb.o
         0          0          0          4          0          0   stdout.o
        14          0          0          0          0         60   strlen.o
        44          0          0          0          0         72   uidiv.o

    ----------------------------------------------------------------------
       512         44          0         12          0        588   Library Totals
         4          0          0          0          0          0   (incl. Padding)

    ----------------------------------------------------------------------

      Code (inc. data)   RO Data    RW Data    ZI Data      Debug   Library Name

       508         44          0         12          0        588   mc_p.l

    ----------------------------------------------------------------------
       512         44          0         12          0        588   Library Totals

    ----------------------------------------------------------------------

==============================================================================


      Code (inc. data)   RO Data    RW Data    ZI Data      Debug   

     22844       1134        800        512       4736     388954   Grand Totals
     22844       1134        800        300       4736     388954   ELF Image Totals (compressed)
     22844       1134        800        300          0          0   ROM Totals

==============================================================================

    Total RO  Size (Code + RO Data)                23644 (  23.09kB)
    Total RW  Size (RW Data + ZI Data)              5248 (   5.13kB)
    Total ROM Size (Code + RO Data + RW Data)      23944 (  23.38kB)

==============================================================================

